2026/07/08 11:37:23 [error] 3262#3262: *153215 open() "/var/www/html/config/.env" failed (2: No such file or directory), client: 89.117.172.63, server: localhost-nginx-proxy-manager, request: "HEAD /config/.env HTTP/1.1", host: "178.104.157.191"
2026/07/08 11:37:23 [error] 3261#3261: *153217 open() "/var/www/html/src/.env" failed (2: No such file or directory), client: 89.117.172.63, server: localhost-nginx-proxy-manager, request: "HEAD /src/.env HTTP/1.1", host: "178.104.157.191"
2026/07/08 11:37:23 [error] 3262#3262: *153216 open() "/var/www/html/laravel/.env" failed (2: No such file or directory), client: 89.117.172.63, server: localhost-nginx-proxy-manager, request: "HEAD /laravel/.env HTTP/1.1", host: "178.104.157.191"
2026/07/08 11:37:23 [error] 3261#3261: *153211 open() "/var/www/html/core/.env" failed (2: No such file or directory), client: 89.117.172.63, server: localhost-nginx-proxy-manager, request: "GET /core/.env HTTP/1.1", host: "178.104.157.191"
2026/07/08 11:37:23 [error] 3261#3261: *153217 open() "/var/www/html/laravel/.env" failed (2: No such file or directory), client: 89.117.172.63, server: localhost-nginx-proxy-manager, request: "GET /laravel/.env HTTP/1.1", host: "178.104.157.191"
2026/07/08 11:37:23 [error] 3262#3262: *153216 open() "/var/www/html/src/.env" failed (2: No such file or directory), client: 89.117.172.63, server: localhost-nginx-proxy-manager, request: "GET /src/.env HTTP/1.1", host: "178.104.157.191"
2026/07/08 11:37:23 [error] 3262#3262: *153215 open() "/var/www/html/config/.env" failed (2: No such file or directory), client: 89.117.172.63, server: localhost-nginx-proxy-manager, request: "GET /config/.env HTTP/1.1", host: "178.104.157.191"
2026/07/08 11:37:23 [error] 3261#3261: *153211 open() "/var/www/html/var/www/html/.env" failed (2: No such file or directory), client: 89.117.172.63, server: localhost-nginx-proxy-manager, request: "HEAD /var/www/html/.env HTTP/1.1", host: "178.104.157.191"
2026/07/08 11:37:23 [error] 3262#3262: *153216 open() "/var/www/html/wp-content/.env" failed (2: No such file or directory), client: 89.117.172.63, server: localhost-nginx-proxy-manager, request: "HEAD /wp-content/.env HTTP/1.1", host: "178.104.157.191"
2026/07/08 11:37:23 [error] 3261#3261: *153217 open() "/var/www/html/public/.env" failed (2: No such file or directory), client: 89.117.172.63, server: localhost-nginx-proxy-manager, request: "HEAD /public/.env HTTP/1.1", host: "178.104.157.191"
2026/07/08 11:37:23 [error] 3262#3262: *153215 open() "/var/www/html/wp-admin/.env" failed (2: No such file or directory), client: 89.117.172.63, server: localhost-nginx-proxy-manager, request: "HEAD /wp-admin/.env HTTP/1.1", host: "178.104.157.191"
2026/07/08 11:37:23 [error] 3261#3261: *153211 open() "/var/www/html/var/www/html/.env" failed (2: No such file or directory), client: 89.117.172.63, server: localhost-nginx-proxy-manager, request: "GET /var/www/html/.env HTTP/1.1", host: "178.104.157.191"
2026/07/08 11:37:23 [error] 3261#3261: *153217 open() "/var/www/html/public/.env" failed (2: No such file or directory), client: 89.117.172.63, server: localhost-nginx-proxy-manager, request: "GET /public/.env HTTP/1.1", host: "178.104.157.191"
2026/07/08 11:37:23 [error] 3262#3262: *153216 open() "/var/www/html/wp-content/.env" failed (2: No such file or directory), client: 89.117.172.63, server: localhost-nginx-proxy-manager, request: "GET /wp-content/.env HTTP/1.1", host: "178.104.157.191"
2026/07/08 11:37:23 [error] 3262#3262: *153215 open() "/var/www/html/wp-admin/.env" failed (2: No such file or directory), client: 89.117.172.63, server: localhost-nginx-proxy-manager, request: "GET /wp-admin/.env HTTP/1.1", host: "178.104.157.191"
2026/07/08 11:37:23 [error] 3261#3261: *153211 open() "/var/www/html/magento/.env" failed (2: No such file or directory), client: 89.117.172.63, server: localhost-nginx-proxy-manager, request: "HEAD /magento/.env HTTP/1.1", host: "178.104.157.191"
2026/07/08 11:37:24 [error] 3261#3261: *153217 open() "/var/www/html/drupal/.env" failed (2: No such file or directory), client: 89.117.172.63, server: localhost-nginx-proxy-manager, request: "HEAD /drupal/.env HTTP/1.1", host: "178.104.157.191"
2026/07/08 11:37:24 [error] 3262#3262: *153216 open() "/var/www/html/joomla/.env" failed (2: No such file or directory), client: 89.117.172.63, server: localhost-nginx-proxy-manager, request: "HEAD /joomla/.env HTTP/1.1", host: "178.104.157.191"
2026/07/08 11:37:24 [error] 3262#3262: *153215 open() "/var/www/html/storage/.env" failed (2: No such file or directory), client: 89.117.172.63, server: localhost-nginx-proxy-manager, request: "HEAD /storage/.env HTTP/1.1", host: "178.104.157.191"
2026/07/08 11:37:24 [error] 3261#3261: *153211 open() "/var/www/html/magento/.env" failed (2: No such file or directory), client: 89.117.172.63, server: localhost-nginx-proxy-manager, request: "GET /magento/.env HTTP/1.1", host: "178.104.157.191"
2026/07/08 11:37:24 [error] 3261#3261: *153217 open() "/var/www/html/joomla/.env" failed (2: No such file or directory), client: 89.117.172.63, server: localhost-nginx-proxy-manager, request: "GET /joomla/.env HTTP/1.1", host: "178.104.157.191"
2026/07/08 11:37:24 [error] 3262#3262: *153215 open() "/var/www/html/storage/.env" failed (2: No such file or directory), client: 89.117.172.63, server: localhost-nginx-proxy-manager, request: "GET /storage/.env HTTP/1.1", host: "178.104.157.191"
2026/07/08 11:37:24 [error] 3262#3262: *153216 open() "/var/www/html/drupal/.env" failed (2: No such file or directory), client: 89.117.172.63, server: localhost-nginx-proxy-manager, request: "GET /drupal/.env HTTP/1.1", host: "178.104.157.191"
2026/07/08 11:37:24 [error] 3261#3261: *153211 open() "/var/www/html/vendor/.env" failed (2: No such file or directory), client: 89.117.172.63, server: localhost-nginx-proxy-manager, request: "HEAD /vendor/.env HTTP/1.1", host: "178.104.157.191"
2026/07/08 11:37:24 [error] 3261#3261: *153217 open() "/var/www/html/uploads/.env" failed (2: No such file or directory), client: 89.117.172.63, server: localhost-nginx-proxy-manager, request: "HEAD /uploads/.env HTTP/1.1", host: "178.104.157.191"
2026/07/08 11:37:24 [error] 3262#3262: *153215 open() "/var/www/html/assets/.env" failed (2: No such file or directory), client: 89.117.172.63, server: localhost-nginx-proxy-manager, request: "HEAD /assets/.env HTTP/1.1", host: "178.104.157.191"
2026/07/08 11:37:24 [error] 3262#3262: *153216 open() "/var/www/html/static/.env" failed (2: No such file or directory), client: 89.117.172.63, server: localhost-nginx-proxy-manager, request: "HEAD /static/.env HTTP/1.1", host: "178.104.157.191"
2026/07/08 11:37:24 [error] 3261#3261: *153211 open() "/var/www/html/vendor/.env" failed (2: No such file or directory), client: 89.117.172.63, server: localhost-nginx-proxy-manager, request: "GET /vendor/.env HTTP/1.1", host: "178.104.157.191"
2026/07/08 11:37:24 [error] 3262#3262: *153215 open() "/var/www/html/assets/.env" failed (2: No such file or directory), client: 89.117.172.63, server: localhost-nginx-proxy-manager, request: "GET /assets/.env HTTP/1.1", host: "178.104.157.191"
2026/07/08 11:37:24 [error] 3261#3261: *153217 open() "/var/www/html/uploads/.env" failed (2: No such file or directory), client: 89.117.172.63, server: localhost-nginx-proxy-manager, request: "GET /uploads/.env HTTP/1.1", host: "178.104.157.191"
2026/07/08 11:37:24 [error] 3262#3262: *153216 open() "/var/www/html/static/.env" failed (2: No such file or directory), client: 89.117.172.63, server: localhost-nginx-proxy-manager, request: "GET /static/.env HTTP/1.1", host: "178.104.157.191"
2026/07/08 11:37:24 [error] 3261#3261: *153211 open() "/var/www/html/resources/.env" failed (2: No such file or directory), client: 89.117.172.63, server: localhost-nginx-proxy-manager, request: "HEAD /resources/.env HTTP/1.1", host: "178.104.157.191"
2026/07/08 11:37:24 [error] 3262#3262: *153215 open() "/var/www/html/sites/default/.env" failed (2: No such file or directory), client: 89.117.172.63, server: localhost-nginx-proxy-manager, request: "HEAD /sites/default/.env HTTP/1.1", host: "178.104.157.191"
2026/07/08 11:37:24 [error] 3261#3261: *153211 open() "/var/www/html/resources/.env" failed (2: No such file or directory), client: 89.117.172.63, server: localhost-nginx-proxy-manager, request: "GET /resources/.env HTTP/1.1", host: "178.104.157.191"
2026/07/08 11:37:24 [error] 3262#3262: *153215 open() "/var/www/html/sites/default/.env" failed (2: No such file or directory), client: 89.117.172.63, server: localhost-nginx-proxy-manager, request: "GET /sites/default/.env HTTP/1.1", host: "178.104.157.191"
2026/07/08 11:42:02 [error] 3261#3261: *153306 open() "/var/www/html/hello.world" failed (2: No such file or directory), client: 152.32.174.171, server: localhost-nginx-proxy-manager, request: "POST /hello.world?%ADd+allow_url_include%3d1+%ADd+auto_prepend_file%3dphp://input HTTP/1.1", host: "178.104.157.191:80"
2026/07/08 11:52:55 [error] 3261#3261: *153308 "/var/www/html/webui/index.html" is not found (2: No such file or directory), client: 216.218.206.68, server: localhost-nginx-proxy-manager, request: "GET /webui/ HTTP/1.1", host: "178.104.157.191"
2026/07/08 11:54:31 [alert] 3262#3262: 512 worker_connections are not enough
2026/07/08 11:54:31 [error] 3261#3261: *154303 recv() failed (104: Connection reset by peer) while reading response header from upstream, client: 127.0.0.1, server: localhost-nginx-proxy-manager, request: "GET /favicon.ico HTTP/1.1", upstream: "http://127.0.0.1:80/favicon.ico", host: "178.104.157.191"
2026/07/08 11:55:45 [error] 3262#3262: *154305 "/var/www/html/geoserver/web/index.html" is not found (2: No such file or directory), client: 216.218.206.68, server: localhost-nginx-proxy-manager, request: "GET /geoserver/web/ HTTP/1.1", host: "178.104.157.191"
2026/07/08 12:50:00 [error] 3261#3261: *154347 open() "/var/www/html/SDK/webLanguage" failed (2: No such file or directory), client: 5.61.209.92, server: localhost-nginx-proxy-manager, request: "GET /SDK/webLanguage HTTP/1.1", host: "178.104.157.191:80"
2026/07/08 14:01:16 [alert] 3261#3261: 512 worker_connections are not enough
2026/07/08 14:01:16 [error] 3262#3262: *155439 recv() failed (104: Connection reset by peer) while reading response header from upstream, client: 127.0.0.1, server: localhost-nginx-proxy-manager, request: "GET /favicon.ico HTTP/1.1", upstream: "http://127.0.0.1:80/favicon.ico", host: "178.104.157.191"
2026/07/08 14:15:01 [error] 3261#3261: *155442 open() "/var/www/html/SDK/webLanguage" failed (2: No such file or directory), client: 5.61.209.43, server: localhost-nginx-proxy-manager, request: "GET /SDK/webLanguage HTTP/1.1", host: "178.104.157.191:80"
2026/07/08 14:50:49 [error] 3262#3262: *155457 open() "/var/www/html/hello.world" failed (2: No such file or directory), client: 202.183.141.133, server: localhost-nginx-proxy-manager, request: "POST /hello.world?%ADd+allow_url_include%3d1+%ADd+auto_prepend_file%3dphp://input HTTP/1.1", host: "178.104.157.191:80"
2026/07/08 14:50:51 [error] 3262#3262: *155457 open() "/var/www/html/vendor/phpunit/phpunit/src/Util/PHP/eval-stdin.php" failed (2: No such file or directory), client: 202.183.141.133, server: localhost-nginx-proxy-manager, request: "GET /vendor/phpunit/phpunit/src/Util/PHP/eval-stdin.php HTTP/1.1", host: "178.104.157.191:80"
2026/07/08 14:50:52 [error] 3262#3262: *155457 open() "/var/www/html/vendor/phpunit/phpunit/Util/PHP/eval-stdin.php" failed (2: No such file or directory), client: 202.183.141.133, server: localhost-nginx-proxy-manager, request: "GET /vendor/phpunit/phpunit/Util/PHP/eval-stdin.php HTTP/1.1", host: "178.104.157.191:80"
2026/07/08 14:50:53 [error] 3262#3262: *155457 open() "/var/www/html/vendor/phpunit/src/Util/PHP/eval-stdin.php" failed (2: No such file or directory), client: 202.183.141.133, server: localhost-nginx-proxy-manager, request: "GET /vendor/phpunit/src/Util/PHP/eval-stdin.php HTTP/1.1", host: "178.104.157.191:80"
2026/07/08 14:50:53 [error] 3262#3262: *155457 open() "/var/www/html/vendor/phpunit/Util/PHP/eval-stdin.php" failed (2: No such file or directory), client: 202.183.141.133, server: localhost-nginx-proxy-manager, request: "GET /vendor/phpunit/Util/PHP/eval-stdin.php HTTP/1.1", host: "178.104.157.191:80"
2026/07/08 14:50:53 [error] 3262#3262: *155457 open() "/var/www/html/vendor/phpunit/phpunit/LICENSE/eval-stdin.php" failed (2: No such file or directory), client: 202.183.141.133, server: localhost-nginx-proxy-manager, request: "GET /vendor/phpunit/phpunit/LICENSE/eval-stdin.php HTTP/1.1", host: "178.104.157.191:80"
2026/07/08 14:50:54 [error] 3262#3262: *155457 open() "/var/www/html/vendor/vendor/phpunit/phpunit/src/Util/PHP/eval-stdin.php" failed (2: No such file or directory), client: 202.183.141.133, server: localhost-nginx-proxy-manager, request: "GET /vendor/vendor/phpunit/phpunit/src/Util/PHP/eval-stdin.php HTTP/1.1", host: "178.104.157.191:80"
2026/07/08 14:50:54 [error] 3262#3262: *155457 open() "/var/www/html/phpunit/phpunit/src/Util/PHP/eval-stdin.php" failed (2: No such file or directory), client: 202.183.141.133, server: localhost-nginx-proxy-manager, request: "GET /phpunit/phpunit/src/Util/PHP/eval-stdin.php HTTP/1.1", host: "178.104.157.191:80"
2026/07/08 14:50:54 [error] 3262#3262: *155457 open() "/var/www/html/phpunit/phpunit/Util/PHP/eval-stdin.php" failed (2: No such file or directory), client: 202.183.141.133, server: localhost-nginx-proxy-manager, request: "GET /phpunit/phpunit/Util/PHP/eval-stdin.php HTTP/1.1", host: "178.104.157.191:80"
2026/07/08 14:50:55 [error] 3262#3262: *155457 open() "/var/www/html/phpunit/src/Util/PHP/eval-stdin.php" failed (2: No such file or directory), client: 202.183.141.133, server: localhost-nginx-proxy-manager, request: "GET /phpunit/src/Util/PHP/eval-stdin.php HTTP/1.1", host: "178.104.157.191:80"
2026/07/08 14:50:55 [error] 3262#3262: *155457 open() "/var/www/html/phpunit/Util/PHP/eval-stdin.php" failed (2: No such file or directory), client: 202.183.141.133, server: localhost-nginx-proxy-manager, request: "GET /phpunit/Util/PHP/eval-stdin.php HTTP/1.1", host: "178.104.157.191:80"
2026/07/08 14:50:55 [error] 3262#3262: *155457 open() "/var/www/html/lib/phpunit/phpunit/src/Util/PHP/eval-stdin.php" failed (2: No such file or directory), client: 202.183.141.133, server: localhost-nginx-proxy-manager, request: "GET /lib/phpunit/phpunit/src/Util/PHP/eval-stdin.php HTTP/1.1", host: "178.104.157.191:80"
2026/07/08 14:50:56 [error] 3262#3262: *155457 open() "/var/www/html/lib/phpunit/phpunit/Util/PHP/eval-stdin.php" failed (2: No such file or directory), client: 202.183.141.133, server: localhost-nginx-proxy-manager, request: "GET /lib/phpunit/phpunit/Util/PHP/eval-stdin.php HTTP/1.1", host: "178.104.157.191:80"
2026/07/08 14:50:56 [error] 3262#3262: *155457 open() "/var/www/html/lib/phpunit/src/Util/PHP/eval-stdin.php" failed (2: No such file or directory), client: 202.183.141.133, server: localhost-nginx-proxy-manager, request: "GET /lib/phpunit/src/Util/PHP/eval-stdin.php HTTP/1.1", host: "178.104.157.191:80"
2026/07/08 14:50:56 [error] 3262#3262: *155457 open() "/var/www/html/lib/phpunit/Util/PHP/eval-stdin.php" failed (2: No such file or directory), client: 202.183.141.133, server: localhost-nginx-proxy-manager, request: "GET /lib/phpunit/Util/PHP/eval-stdin.php HTTP/1.1", host: "178.104.157.191:80"
2026/07/08 14:50:57 [error] 3262#3262: *155457 open() "/var/www/html/lib/vendor/phpunit/phpunit/src/Util/PHP/eval-stdin.php" failed (2: No such file or directory), client: 202.183.141.133, server: localhost-nginx-proxy-manager, request: "GET /lib/vendor/phpunit/phpunit/src/Util/PHP/eval-stdin.php HTTP/1.1", host: "178.104.157.191:80"
2026/07/08 14:50:57 [error] 3262#3262: *155457 open() "/var/www/html/laravel/vendor/phpunit/phpunit/src/Util/PHP/eval-stdin.php" failed (2: No such file or directory), client: 202.183.141.133, server: localhost-nginx-proxy-manager, request: "GET /laravel/vendor/phpunit/phpunit/src/Util/PHP/eval-stdin.php HTTP/1.1", host: "178.104.157.191:80"
2026/07/08 14:50:57 [error] 3262#3262: *155457 open() "/var/www/html/www/vendor/phpunit/phpunit/src/Util/PHP/eval-stdin.php" failed (2: No such file or directory), client: 202.183.141.133, server: localhost-nginx-proxy-manager, request: "GET /www/vendor/phpunit/phpunit/src/Util/PHP/eval-stdin.php HTTP/1.1", host: "178.104.157.191:80"
2026/07/08 14:50:58 [error] 3262#3262: *155457 open() "/var/www/html/ws/vendor/phpunit/phpunit/src/Util/PHP/eval-stdin.php" failed (2: No such file or directory), client: 202.183.141.133, server: localhost-nginx-proxy-manager, request: "GET /ws/vendor/phpunit/phpunit/src/Util/PHP/eval-stdin.php HTTP/1.1", host: "178.104.157.191:80"
2026/07/08 14:50:58 [error] 3262#3262: *155457 open() "/var/www/html/yii/vendor/phpunit/phpunit/src/Util/PHP/eval-stdin.php" failed (2: No such file or directory), client: 202.183.141.133, server: localhost-nginx-proxy-manager, request: "GET /yii/vendor/phpunit/phpunit/src/Util/PHP/eval-stdin.php HTTP/1.1", host: "178.104.157.191:80"
2026/07/08 14:50:58 [error] 3262#3262: *155457 open() "/var/www/html/zend/vendor/phpunit/phpunit/src/Util/PHP/eval-stdin.php" failed (2: No such file or directory), client: 202.183.141.133, server: localhost-nginx-proxy-manager, request: "GET /zend/vendor/phpunit/phpunit/src/Util/PHP/eval-stdin.php HTTP/1.1", host: "178.104.157.191:80"
2026/07/08 14:50:59 [error] 3262#3262: *155457 open() "/var/www/html/ws/ec/vendor/phpunit/phpunit/src/Util/PHP/eval-stdin.php" failed (2: No such file or directory), client: 202.183.141.133, server: localhost-nginx-proxy-manager, request: "GET /ws/ec/vendor/phpunit/phpunit/src/Util/PHP/eval-stdin.php HTTP/1.1", host: "178.104.157.191:80"
2026/07/08 14:50:59 [error] 3262#3262: *155457 open() "/var/www/html/V2/vendor/phpunit/phpunit/src/Util/PHP/eval-stdin.php" failed (2: No such file or directory), client: 202.183.141.133, server: localhost-nginx-proxy-manager, request: "GET /V2/vendor/phpunit/phpunit/src/Util/PHP/eval-stdin.php HTTP/1.1", host: "178.104.157.191:80"
2026/07/08 14:51:00 [error] 3262#3262: *155457 open() "/var/www/html/tests/vendor/phpunit/phpunit/src/Util/PHP/eval-stdin.php" failed (2: No such file or directory), client: 202.183.141.133, server: localhost-nginx-proxy-manager, request: "GET /tests/vendor/phpunit/phpunit/src/Util/PHP/eval-stdin.php HTTP/1.1", host: "178.104.157.191:80"
2026/07/08 14:51:00 [error] 3262#3262: *155457 open() "/var/www/html/test/vendor/phpunit/phpunit/src/Util/PHP/eval-stdin.php" failed (2: No such file or directory), client: 202.183.141.133, server: localhost-nginx-proxy-manager, request: "GET /test/vendor/phpunit/phpunit/src/Util/PHP/eval-stdin.php HTTP/1.1", host: "178.104.157.191:80"
2026/07/08 14:51:01 [error] 3262#3262: *155457 open() "/var/www/html/testing/vendor/phpunit/phpunit/src/Util/PHP/eval-stdin.php" failed (2: No such file or directory), client: 202.183.141.133, server: localhost-nginx-proxy-manager, request: "GET /testing/vendor/phpunit/phpunit/src/Util/PHP/eval-stdin.php HTTP/1.1", host: "178.104.157.191:80"
2026/07/08 14:51:02 [error] 3262#3262: *155457 open() "/var/www/html/api/vendor/phpunit/phpunit/src/Util/PHP/eval-stdin.php" failed (2: No such file or directory), client: 202.183.141.133, server: localhost-nginx-proxy-manager, request: "GET /api/vendor/phpunit/phpunit/src/Util/PHP/eval-stdin.php HTTP/1.1", host: "178.104.157.191:80"
2026/07/08 14:51:03 [error] 3262#3262: *155457 open() "/var/www/html/demo/vendor/phpunit/phpunit/src/Util/PHP/eval-stdin.php" failed (2: No such file or directory), client: 202.183.141.133, server: localhost-nginx-proxy-manager, request: "GET /demo/vendor/phpunit/phpunit/src/Util/PHP/eval-stdin.php HTTP/1.1", host: "178.104.157.191:80"
2026/07/08 14:51:04 [error] 3262#3262: *155457 open() "/var/www/html/cms/vendor/phpunit/phpunit/src/Util/PHP/eval-stdin.php" failed (2: No such file or directory), client: 202.183.141.133, server: localhost-nginx-proxy-manager, request: "GET /cms/vendor/phpunit/phpunit/src/Util/PHP/eval-stdin.php HTTP/1.1", host: "178.104.157.191:80"
2026/07/08 14:51:05 [error] 3262#3262: *155457 open() "/var/www/html/crm/vendor/phpunit/phpunit/src/Util/PHP/eval-stdin.php" failed (2: No such file or directory), client: 202.183.141.133, server: localhost-nginx-proxy-manager, request: "GET /crm/vendor/phpunit/phpunit/src/Util/PHP/eval-stdin.php HTTP/1.1", host: "178.104.157.191:80"
2026/07/08 14:51:06 [error] 3262#3262: *155457 open() "/var/www/html/admin/vendor/phpunit/phpunit/src/Util/PHP/eval-stdin.php" failed (2: No such file or directory), client: 202.183.141.133, server: localhost-nginx-proxy-manager, request: "GET /admin/vendor/phpunit/phpunit/src/Util/PHP/eval-stdin.php HTTP/1.1", host: "178.104.157.191:80"
2026/07/08 14:51:06 [error] 3262#3262: *155457 open() "/var/www/html/backup/vendor/phpunit/phpunit/src/Util/PHP/eval-stdin.php" failed (2: No such file or directory), client: 202.183.141.133, server: localhost-nginx-proxy-manager, request: "GET /backup/vendor/phpunit/phpunit/src/Util/PHP/eval-stdin.php HTTP/1.1", host: "178.104.157.191:80"
2026/07/08 14:51:07 [error] 3262#3262: *155457 open() "/var/www/html/blog/vendor/phpunit/phpunit/src/Util/PHP/eval-stdin.php" failed (2: No such file or directory), client: 202.183.141.133, server: localhost-nginx-proxy-manager, request: "GET /blog/vendor/phpunit/phpunit/src/Util/PHP/eval-stdin.php HTTP/1.1", host: "178.104.157.191:80"
2026/07/08 14:51:08 [error] 3262#3262: *155457 open() "/var/www/html/workspace/drupal/vendor/phpunit/phpunit/src/Util/PHP/eval-stdin.php" failed (2: No such file or directory), client: 202.183.141.133, server: localhost-nginx-proxy-manager, request: "GET /workspace/drupal/vendor/phpunit/phpunit/src/Util/PHP/eval-stdin.php HTTP/1.1", host: "178.104.157.191:80"
2026/07/08 14:51:09 [error] 3262#3262: *155457 open() "/var/www/html/panel/vendor/phpunit/phpunit/src/Util/PHP/eval-stdin.php" failed (2: No such file or directory), client: 202.183.141.133, server: localhost-nginx-proxy-manager, request: "GET /panel/vendor/phpunit/phpunit/src/Util/PHP/eval-stdin.php HTTP/1.1", host: "178.104.157.191:80"
2026/07/08 14:51:10 [error] 3262#3262: *155457 open() "/var/www/html/public/vendor/phpunit/phpunit/src/Util/PHP/eval-stdin.php" failed (2: No such file or directory), client: 202.183.141.133, server: localhost-nginx-proxy-manager, request: "GET /public/vendor/phpunit/phpunit/src/Util/PHP/eval-stdin.php HTTP/1.1", host: "178.104.157.191:80"
2026/07/08 14:51:11 [error] 3262#3262: *155457 open() "/var/www/html/apps/vendor/phpunit/phpunit/src/Util/PHP/eval-stdin.php" failed (2: No such file or directory), client: 202.183.141.133, server: localhost-nginx-proxy-manager, request: "GET /apps/vendor/phpunit/phpunit/src/Util/PHP/eval-stdin.php HTTP/1.1", host: "178.104.157.191:80"
2026/07/08 14:51:12 [error] 3262#3262: *155457 open() "/var/www/html/app/vendor/phpunit/phpunit/src/Util/PHP/eval-stdin.php" failed (2: No such file or directory), client: 202.183.141.133, server: localhost-nginx-proxy-manager, request: "GET /app/vendor/phpunit/phpunit/src/Util/PHP/eval-stdin.php HTTP/1.1", host: "178.104.157.191:80"
2026/07/08 14:51:13 [error] 3262#3262: *155457 open() "/var/www/html/index.php" failed (2: No such file or directory), client: 202.183.141.133, server: localhost-nginx-proxy-manager, request: "GET /index.php?s=/index/\think\app/invokefunction&function=call_user_func_array&vars[0]=md5&vars[1][]=Hello HTTP/1.1", host: "178.104.157.191:80"
2026/07/08 14:51:13 [error] 3262#3262: *155457 open() "/var/www/html/public/index.php" failed (2: No such file or directory), client: 202.183.141.133, server: localhost-nginx-proxy-manager, request: "GET /public/index.php?s=/index/\think\app/invokefunction&function=call_user_func_array&vars[0]=md5&vars[1][]=Hello HTTP/1.1", host: "178.104.157.191:80"
2026/07/08 14:51:16 [error] 3262#3262: *155457 open() "/var/www/html/containers/json" failed (2: No such file or directory), client: 202.183.141.133, server: localhost-nginx-proxy-manager, request: "GET /containers/json HTTP/1.1", host: "178.104.157.191:80"
2026/07/08 15:44:11 [error] 3269#3269: *155461 open() "/var/www/html/login" failed (2: No such file or directory), client: 45.198.224.5, server: localhost-nginx-proxy-manager, request: "GET /login HTTP/1.1", host: "178.104.157.191:80"
2026/07/08 16:51:25 [error] 3269#3269: *155476 open() "/var/www/html/SDK/webLanguage" failed (2: No such file or directory), client: 104.194.10.143, server: localhost-nginx-proxy-manager, request: "GET /SDK/webLanguage HTTP/1.1", host: "178.104.157.191:80"
2026/07/08 17:15:24 [error] 3269#3269: *155490 open() "/var/www/html/_profiler/phpinfo" failed (2: No such file or directory), client: 104.192.3.106, server: localhost-nginx-proxy-manager, request: "GET /_profiler/phpinfo HTTP/1.1", host: "178.104.157.191"
2026/07/08 17:54:04 [error] 3269#3269: *155551 open() "/var/www/html/rest/workflow/run" failed (2: No such file or directory), client: 94.154.43.64, server: localhost-nginx-proxy-manager, request: "POST /rest/workflow/run HTTP/1.1", host: "178.104.157.191"
2026/07/08 18:18:05 [error] 3269#3269: *155559 open() "/var/www/html/goform/formJsonAjaxReq" failed (2: No such file or directory), client: 45.198.224.5, server: localhost-nginx-proxy-manager, request: "POST /goform/formJsonAjaxReq HTTP/1.1", host: "178.104.157.191:80", referrer: "http://178.104.157.191:80/login.asp"
2026/07/08 18:25:46 [error] 3269#3269: *155563 open() "/var/www/html/.gitconfig" failed (2: No such file or directory), client: 45.148.10.200, server: localhost-nginx-proxy-manager, request: "GET /.gitconfig HTTP/1.1", host: "178.104.157.191"
2026/07/08 18:25:46 [error] 3268#3268: *155564 open() "/var/www/html/.envrc" failed (2: No such file or directory), client: 45.148.10.200, server: localhost-nginx-proxy-manager, request: "GET /.envrc HTTP/1.1", host: "178.104.157.191"
2026/07/08 18:25:46 [error] 3268#3268: *155565 open() "/var/www/html/.env.bak" failed (2: No such file or directory), client: 45.148.10.200, server: localhost-nginx-proxy-manager, request: "GET /.env.bak HTTP/1.1", host: "178.104.157.191"
2026/07/08 18:25:46 [error] 3268#3268: *155566 open() "/var/www/html/.env" failed (2: No such file or directory), client: 45.148.10.200, server: localhost-nginx-proxy-manager, request: "GET /.env HTTP/1.1", host: "178.104.157.191"
2026/07/08 18:25:46 [error] 3268#3268: *155567 open() "/var/www/html/.env.prod" failed (2: No such file or directory), client: 45.148.10.200, server: localhost-nginx-proxy-manager, request: "GET /.env.prod HTTP/1.1", host: "178.104.157.191"
2026/07/08 18:25:47 [error] 3268#3268: *155568 open() "/var/www/html/storage/.env" failed (2: No such file or directory), client: 45.148.10.200, server: localhost-nginx-proxy-manager, request: "GET /storage/.env HTTP/1.1", host: "178.104.157.191"
2026/07/08 18:25:47 [error] 3268#3268: *155569 open() "/var/www/html/config/.env" failed (2: No such file or directory), client: 45.148.10.200, server: localhost-nginx-proxy-manager, request: "GET /config/.env HTTP/1.1", host: "178.104.157.191"
2026/07/08 18:25:47 [error] 3268#3268: *155570 open() "/var/www/html/.env.dist" failed (2: No such file or directory), client: 45.148.10.200, server: localhost-nginx-proxy-manager, request: "GET /.env.dist HTTP/1.1", host: "178.104.157.191"
2026/07/08 18:25:47 [error] 3268#3268: *155571 open() "/var/www/html/web/.env" failed (2: No such file or directory), client: 45.148.10.200, server: localhost-nginx-proxy-manager, request: "GET /web/.env HTTP/1.1", host: "178.104.157.191"
2026/07/08 18:25:47 [error] 3268#3268: *155572 open() "/var/www/html/repo/.env" failed (2: No such file or directory), client: 45.148.10.200, server: localhost-nginx-proxy-manager, request: "GET /repo/.env HTTP/1.1", host: "178.104.157.191"
2026/07/08 18:25:47 [error] 3268#3268: *155573 open() "/var/www/html/.env.local" failed (2: No such file or directory), client: 45.148.10.200, server: localhost-nginx-proxy-manager, request: "GET /.env.local HTTP/1.1", host: "178.104.157.191"
2026/07/08 18:25:47 [error] 3268#3268: *155574 open() "/var/www/html/.env.orig" failed (2: No such file or directory), client: 45.148.10.200, server: localhost-nginx-proxy-manager, request: "GET /.env.orig HTTP/1.1", host: "178.104.157.191"
2026/07/08 18:25:47 [error] 3268#3268: *155575 open() "/var/www/html/server/.env" failed (2: No such file or directory), client: 45.148.10.200, server: localhost-nginx-proxy-manager, request: "GET /server/.env HTTP/1.1", host: "178.104.157.191"
2026/07/08 18:25:47 [error] 3268#3268: *155576 open() "/var/www/html/.env.example" failed (2: No such file or directory), client: 45.148.10.200, server: localhost-nginx-proxy-manager, request: "GET /.env.example HTTP/1.1", host: "178.104.157.191"
2026/07/08 18:25:47 [error] 3268#3268: *155577 open() "/var/www/html/config/.env.local" failed (2: No such file or directory), client: 45.148.10.200, server: localhost-nginx-proxy-manager, request: "GET /config/.env.local HTTP/1.1", host: "178.104.157.191"
2026/07/08 18:25:47 [error] 3268#3268: *155578 open() "/var/www/html/app/.env.production" failed (2: No such file or directory), client: 45.148.10.200, server: localhost-nginx-proxy-manager, request: "GET /app/.env.production HTTP/1.1", host: "178.104.157.191"
2026/07/08 18:25:47 [error] 3268#3268: *155579 open() "/var/www/html/client/.env" failed (2: No such file or directory), client: 45.148.10.200, server: localhost-nginx-proxy-manager, request: "GET /client/.env HTTP/1.1", host: "178.104.157.191"
2026/07/08 18:25:47 [error] 3269#3269: *155580 open() "/var/www/html/project/.env" failed (2: No such file or directory), client: 45.148.10.200, server: localhost-nginx-proxy-manager, request: "GET /project/.env HTTP/1.1", host: "178.104.157.191"
2026/07/08 18:25:47 [error] 3269#3269: *155581 open() "/var/www/html/.env.development" failed (2: No such file or directory), client: 45.148.10.200, server: localhost-nginx-proxy-manager, request: "GET /.env.development HTTP/1.1", host: "178.104.157.191"
2026/07/08 18:25:47 [error] 3269#3269: *155582 open() "/var/www/html/.env.testing" failed (2: No such file or directory), client: 45.148.10.200, server: localhost-nginx-proxy-manager, request: "GET /.env.testing HTTP/1.1", host: "178.104.157.191"
2026/07/08 18:25:47 [error] 3269#3269: *155583 open() "/var/www/html/.envrc.local" failed (2: No such file or directory), client: 45.148.10.200, server: localhost-nginx-proxy-manager, request: "GET /.envrc.local HTTP/1.1", host: "178.104.157.191"
2026/07/08 18:25:47 [error] 3269#3269: *155584 open() "/var/www/html/src/.env" failed (2: No such file or directory), client: 45.148.10.200, server: localhost-nginx-proxy-manager, request: "GET /src/.env HTTP/1.1", host: "178.104.157.191"
2026/07/08 18:25:47 [error] 3269#3269: *155585 open() "/var/www/html/repository/.env" failed (2: No such file or directory), client: 45.148.10.200, server: localhost-nginx-proxy-manager, request: "GET /repository/.env HTTP/1.1", host: "178.104.157.191"
2026/07/08 18:25:47 [error] 3269#3269: *155586 open() "/var/www/html/.env.backup" failed (2: No such file or directory), client: 45.148.10.200, server: localhost-nginx-proxy-manager, request: "GET /.env.backup HTTP/1.1", host: "178.104.157.191"
2026/07/08 18:25:47 [error] 3269#3269: *155587 open() "/var/www/html/.env.old" failed (2: No such file or directory), client: 45.148.10.200, server: localhost-nginx-proxy-manager, request: "GET /.env.old HTTP/1.1", host: "178.104.157.191"
2026/07/08 18:25:47 [error] 3269#3269: *155588 open() "/var/www/html/html/.env" failed (2: No such file or directory), client: 45.148.10.200, server: localhost-nginx-proxy-manager, request: "GET /html/.env HTTP/1.1", host: "178.104.157.191"
2026/07/08 18:25:47 [error] 3269#3269: *155589 open() "/var/www/html/aws.env" failed (2: No such file or directory), client: 45.148.10.200, server: localhost-nginx-proxy-manager, request: "GET /aws.env HTTP/1.1", host: "178.104.157.191"
2026/07/08 18:25:47 [error] 3269#3269: *155590 open() "/var/www/html/.env.production" failed (2: No such file or directory), client: 45.148.10.200, server: localhost-nginx-proxy-manager, request: "GET /.env.production HTTP/1.1", host: "178.104.157.191"
2026/07/08 18:25:47 [error] 3269#3269: *155591 open() "/var/www/html/.env.dev" failed (2: No such file or directory), client: 45.148.10.200, server: localhost-nginx-proxy-manager, request: "GET /.env.dev HTTP/1.1", host: "178.104.157.191"
2026/07/08 18:25:47 [error] 3269#3269: *155592 open() "/var/www/html/.env.stage" failed (2: No such file or directory), client: 45.148.10.200, server: localhost-nginx-proxy-manager, request: "GET /.env.stage HTTP/1.1", host: "178.104.157.191"
2026/07/08 18:25:47 [error] 3269#3269: *155593 open() "/var/www/html/backend/.env" failed (2: No such file or directory), client: 45.148.10.200, server: localhost-nginx-proxy-manager, request: "GET /backend/.env HTTP/1.1", host: "178.104.157.191"
2026/07/08 18:25:47 [error] 3269#3269: *155594 open() "/var/www/html/.git/config" failed (2: No such file or directory), client: 45.148.10.200, server: localhost-nginx-proxy-manager, request: "GET /.git/config HTTP/1.1", host: "178.104.157.191"
2026/07/08 18:25:47 [error] 3269#3269: *155595 open() "/var/www/html/.env.sample" failed (2: No such file or directory), client: 45.148.10.200, server: localhost-nginx-proxy-manager, request: "GET /.env.sample HTTP/1.1", host: "178.104.157.191"
2026/07/08 18:25:47 [error] 3268#3268: *155596 open() "/var/www/html/frontend/.env" failed (2: No such file or directory), client: 45.148.10.200, server: localhost-nginx-proxy-manager, request: "GET /frontend/.env HTTP/1.1", host: "178.104.157.191"
2026/07/08 18:25:47 [error] 3268#3268: *155597 open() "/var/www/html/.env.staging" failed (2: No such file or directory), client: 45.148.10.200, server: localhost-nginx-proxy-manager, request: "GET /.env.staging HTTP/1.1", host: "178.104.157.191"
2026/07/08 18:25:47 [error] 3268#3268: *155598 open() "/var/www/html/env" failed (2: No such file or directory), client: 45.148.10.200, server: localhost-nginx-proxy-manager, request: "GET /env HTTP/1.1", host: "178.104.157.191"
2026/07/08 18:25:47 [error] 3268#3268: *155599 open() "/var/www/html/app/.env" failed (2: No such file or directory), client: 45.148.10.200, server: localhost-nginx-proxy-manager, request: "GET /app/.env HTTP/1.1", host: "178.104.157.191"
2026/07/08 18:25:47 [error] 3268#3268: *155600 open() "/var/www/html/backend/.env.production" failed (2: No such file or directory), client: 45.148.10.200, server: localhost-nginx-proxy-manager, request: "GET /backend/.env.production HTTP/1.1", host: "178.104.157.191"
2026/07/08 18:25:47 [error] 3268#3268: *155601 open() "/var/www/html/api/.env.production" failed (2: No such file or directory), client: 45.148.10.200, server: localhost-nginx-proxy-manager, request: "GET /api/.env.production HTTP/1.1", host: "178.104.157.191"
2026/07/08 18:25:47 [error] 3268#3268: *155602 open() "/var/www/html/server/.env.production" failed (2: No such file or directory), client: 45.148.10.200, server: localhost-nginx-proxy-manager, request: "GET /server/.env.production HTTP/1.1", host: "178.104.157.191"
2026/07/08 18:25:47 [error] 3268#3268: *155603 open() "/var/www/html/secrets.env" failed (2: No such file or directory), client: 45.148.10.200, server: localhost-nginx-proxy-manager, request: "GET /secrets.env HTTP/1.1", host: "178.104.157.191"
2026/07/08 18:25:47 [error] 3268#3268: *155604 open() "/var/www/html/.dotenv" failed (2: No such file or directory), client: 45.148.10.200, server: localhost-nginx-proxy-manager, request: "GET /.dotenv HTTP/1.1", host: "178.104.157.191"
2026/07/08 18:25:47 [error] 3268#3268: *155605 open() "/var/www/html/.env.save" failed (2: No such file or directory), client: 45.148.10.200, server: localhost-nginx-proxy-manager, request: "GET /.env.save HTTP/1.1", host: "178.104.157.191"
2026/07/08 18:25:47 [error] 3268#3268: *155606 open() "/var/www/html/core/.env" failed (2: No such file or directory), client: 45.148.10.200, server: localhost-nginx-proxy-manager, request: "GET /core/.env HTTP/1.1", host: "178.104.157.191"
2026/07/08 18:25:47 [error] 3268#3268: *155607 open() "/var/www/html/www/.env" failed (2: No such file or directory), client: 45.148.10.200, server: localhost-nginx-proxy-manager, request: "GET /www/.env HTTP/1.1", host: "178.104.157.191"
2026/07/08 18:25:47 [error] 3268#3268: *155608 open() "/var/www/html/.env.test" failed (2: No such file or directory), client: 45.148.10.200, server: localhost-nginx-proxy-manager, request: "GET /.env.test HTTP/1.1", host: "178.104.157.191"
2026/07/08 18:25:47 [error] 3268#3268: *155609 open() "/var/www/html/api/.env" failed (2: No such file or directory), client: 45.148.10.200, server: localhost-nginx-proxy-manager, request: "GET /api/.env HTTP/1.1", host: "178.104.157.191"
2026/07/08 18:25:48 [error] 3268#3268: *155610 open() "/var/www/html/public/.env" failed (2: No such file or directory), client: 45.148.10.200, server: localhost-nginx-proxy-manager, request: "GET /public/.env HTTP/1.1", host: "178.104.157.191"
2026/07/08 18:25:48 [error] 3268#3268: *155611 open() "/var/www/html/laravel/.env" failed (2: No such file or directory), client: 45.148.10.200, server: localhost-nginx-proxy-manager, request: "GET /laravel/.env HTTP/1.1", host: "178.104.157.191"
2026/07/08 18:25:48 [error] 3269#3269: *155612 open() "/var/www/html/admin/.env" failed (2: No such file or directory), client: 45.148.10.200, server: localhost-nginx-proxy-manager, request: "GET /admin/.env HTTP/1.1", host: "178.104.157.191"
2026/07/08 18:25:48 [error] 3269#3269: *155613 open() "/var/www/html/.git-credentials" failed (2: No such file or directory), client: 45.148.10.200, server: localhost-nginx-proxy-manager, request: "GET /.git-credentials HTTP/1.1", host: "178.104.157.191"
2026/07/08 19:27:16 [error] 3269#3269: *155621 open() "/var/www/html/cgi-bin/ViewLog.asp" failed (2: No such file or directory), client: 218.161.62.161, server: localhost-nginx-proxy-manager, request: "POST /cgi-bin/ViewLog.asp HTTP/1.1", host: "127.0.0.1"
2026/07/08 19:38:06 [error] 3269#3269: *155628 open() "/var/www/html/rest/workflow/run" failed (2: No such file or directory), client: 94.154.43.64, server: localhost-nginx-proxy-manager, request: "POST /rest/workflow/run HTTP/1.1", host: "178.104.157.191"
2026/07/08 21:21:56 [alert] 3273#3273: 512 worker_connections are not enough
2026/07/08 21:21:56 [error] 3274#3274: *156644 recv() failed (104: Connection reset by peer) while reading response header from upstream, client: 127.0.0.1, server: localhost-nginx-proxy-manager, request: "GET /favicon.ico HTTP/1.1", upstream: "http://127.0.0.1:80/favicon.ico", host: "178.104.157.191"
2026/07/08 21:22:05 [error] 3274#3274: *156647 open() "/var/www/html/security.txt" failed (2: No such file or directory), client: 66.132.172.136, server: localhost-nginx-proxy-manager, request: "GET /security.txt HTTP/1.1", host: "178.104.157.191"
2026/07/08 21:28:58 [error] 3274#3274: *156648 open() "/var/www/html/boaform/admin/formLogin" failed (2: No such file or directory), client: 223.123.124.122, server: localhost-nginx-proxy-manager, request: "GET /boaform/admin/formLogin?username=adminisp&psd=adminisp HTTP/1.0"
2026/07/08 21:47:34 [error] 3274#3274: *156657 open() "/var/www/html/manager/html" failed (2: No such file or directory), client: 144.217.167.6, server: localhost-nginx-proxy-manager, request: "GET /manager/html HTTP/1.1", host: "178.104.157.191:80"
2026/07/08 22:06:58 [error] 3274#3274: *156679 open() "/var/www/html/cgi-bin/jumpto.php" failed (2: No such file or directory), client: 193.26.115.137, server: localhost-nginx-proxy-manager, request: "POST /cgi-bin/jumpto.php?class=diagnosis&page=config_save&isphp=1 HTTP/1.1", host: "178.104.157.191"
2026/07/08 22:47:56 [error] 3274#3274: *156742 open() "/var/www/html/SDK/webLanguage" failed (2: No such file or directory), client: 5.61.209.92, server: localhost-nginx-proxy-manager, request: "GET /SDK/webLanguage HTTP/1.1", host: "178.104.157.191:80"
2026/07/08 23:33:58 [error] 3273#3273: *156747 open() "/var/www/html/cgi-bin/ViewLog.asp" failed (2: No such file or directory), client: 105.186.202.247, server: localhost-nginx-proxy-manager, request: "POST /cgi-bin/ViewLog.asp HTTP/1.1", host: "127.0.0.1"
2026/07/09 00:12:52 [error] 3273#3273: *156751 open() "/var/www/html/druid/index.html" failed (2: No such file or directory), client: 20.98.136.63, server: localhost-nginx-proxy-manager, request: "GET /druid/index.html HTTP/1.1", host: "178.104.157.191"
2026/07/09 00:27:15 [error] 3273#3273: *156753 open() "/var/www/html/.env" failed (2: No such file or directory), client: 180.93.249.92, server: localhost-nginx-proxy-manager, request: "GET /.env HTTP/1.1", host: "178.104.157.191"
2026/07/09 00:28:26 [error] 3273#3273: *156755 open() "/var/www/html/SDK/webLanguage" failed (2: No such file or directory), client: 104.194.10.143, server: localhost-nginx-proxy-manager, request: "GET /SDK/webLanguage HTTP/1.1", host: "178.104.157.191:80"
2026/07/09 01:03:54 [error] 3273#3273: *156760 open() "/var/www/html/cgi-bin/ViewLog.asp" failed (2: No such file or directory), client: 46.217.250.197, server: localhost-nginx-proxy-manager, request: "POST /cgi-bin/ViewLog.asp HTTP/1.1", host: "127.0.0.1"
2026/07/09 02:36:44 [error] 3273#3273: *156803 open() "/var/www/html/.env" failed (2: No such file or directory), client: 80.94.95.211, server: localhost-nginx-proxy-manager, request: "GET /.env HTTP/1.1", host: "178.104.157.191:80"
2026/07/09 02:36:44 [error] 3273#3273: *156803 open() "/var/www/html/.env.php" failed (2: No such file or directory), client: 80.94.95.211, server: localhost-nginx-proxy-manager, request: "GET /.env.php HTTP/1.1", host: "178.104.157.191:80"
2026/07/09 02:36:44 [error] 3273#3273: *156803 open() "/var/www/html/.env.sample.php" failed (2: No such file or directory), client: 80.94.95.211, server: localhost-nginx-proxy-manager, request: "GET /.env.sample.php HTTP/1.1", host: "178.104.157.191:80"
2026/07/09 02:36:44 [error] 3273#3273: *156803 open() "/var/www/html/.env.local.php" failed (2: No such file or directory), client: 80.94.95.211, server: localhost-nginx-proxy-manager, request: "GET /.env.local.php HTTP/1.1", host: "178.104.157.191:80"
2026/07/09 02:36:44 [error] 3273#3273: *156803 open() "/var/www/html/.env.production.php" failed (2: No such file or directory), client: 80.94.95.211, server: localhost-nginx-proxy-manager, request: "GET /.env.production.php HTTP/1.1", host: "178.104.157.191:80"
2026/07/09 02:36:44 [error] 3273#3273: *156803 open() "/var/www/html/config.dev.php" failed (2: No such file or directory), client: 80.94.95.211, server: localhost-nginx-proxy-manager, request: "GET /config.dev.php HTTP/1.1", host: "178.104.157.191:80"
2026/07/09 02:36:44 [error] 3273#3273: *156803 open() "/var/www/html/config.env" failed (2: No such file or directory), client: 80.94.95.211, server: localhost-nginx-proxy-manager, request: "GET /config.env HTTP/1.1", host: "178.104.157.191:80"
2026/07/09 02:36:44 [error] 3273#3273: *156803 open() "/var/www/html/twilio/.env.php" failed (2: No such file or directory), client: 80.94.95.211, server: localhost-nginx-proxy-manager, request: "GET /twilio/.env.php HTTP/1.1", host: "178.104.157.191:80"
2026/07/09 02:36:44 [error] 3273#3273: *156803 open() "/var/www/html/config/.env.php" failed (2: No such file or directory), client: 80.94.95.211, server: localhost-nginx-proxy-manager, request: "GET /config/.env.php HTTP/1.1", host: "178.104.157.191:80"
2026/07/09 02:36:44 [error] 3273#3273: *156803 open() "/var/www/html/sendgrid/.env.php" failed (2: No such file or directory), client: 80.94.95.211, server: localhost-nginx-proxy-manager, request: "GET /sendgrid/.env.php HTTP/1.1", host: "178.104.157.191:80"
2026/07/09 02:36:44 [error] 3273#3273: *156803 open() "/var/www/html/.env.php.bak" failed (2: No such file or directory), client: 80.94.95.211, server: localhost-nginx-proxy-manager, request: "GET /.env.php.bak HTTP/1.1", host: "178.104.157.191:80"
2026/07/09 02:36:44 [error] 3273#3273: *156803 open() "/var/www/html/.env.php-bak" failed (2: No such file or directory), client: 80.94.95.211, server: localhost-nginx-proxy-manager, request: "GET /.env.php-bak HTTP/1.1", host: "178.104.157.191:80"
2026/07/09 02:36:44 [error] 3273#3273: *156803 open() "/var/www/html/.env.php-backup" failed (2: No such file or directory), client: 80.94.95.211, server: localhost-nginx-proxy-manager, request: "GET /.env.php-backup HTTP/1.1", host: "178.104.157.191:80"
2026/07/09 02:36:44 [error] 3273#3273: *156803 open() "/var/www/html/.env.php.backup" failed (2: No such file or directory), client: 80.94.95.211, server: localhost-nginx-proxy-manager, request: "GET /.env.php.backup HTTP/1.1", host: "178.104.157.191:80"
2026/07/09 02:36:44 [error] 3273#3273: *156803 open() "/var/www/html/test/.env.php" failed (2: No such file or directory), client: 80.94.95.211, server: localhost-nginx-proxy-manager, request: "GET /test/.env.php HTTP/1.1", host: "178.104.157.191:80"
2026/07/09 02:36:44 [error] 3273#3273: *156803 open() "/var/www/html/.env.example.php" failed (2: No such file or directory), client: 80.94.95.211, server: localhost-nginx-proxy-manager, request: "GET /.env.example.php HTTP/1.1", host: "178.104.157.191:80"
2026/07/09 02:36:44 [error] 3273#3273: *156803 open() "/var/www/html/app_dev.php/_profiler/.env" failed (2: No such file or directory), client: 80.94.95.211, server: localhost-nginx-proxy-manager, request: "GET /app_dev.php/_profiler/.env HTTP/1.1", host: "178.104.157.191:80"
2026/07/09 02:36:44 [error] 3273#3273: *156803 open() "/var/www/html/var/.env.local.php" failed (2: No such file or directory), client: 80.94.95.211, server: localhost-nginx-proxy-manager, request: "GET /var/.env.local.php HTTP/1.1", host: "178.104.157.191:80"
2026/07/09 02:36:44 [error] 3273#3273: *156803 open() "/var/www/html/api/.env" failed (2: No such file or directory), client: 80.94.95.211, server: localhost-nginx-proxy-manager, request: "GET /api/.env HTTP/1.1", host: "178.104.157.191:80"
2026/07/09 02:36:44 [error] 3273#3273: *156803 open() "/var/www/html/app/.env" failed (2: No such file or directory), client: 80.94.95.211, server: localhost-nginx-proxy-manager, request: "GET /app/.env HTTP/1.1", host: "178.104.157.191:80"
2026/07/09 02:36:44 [error] 3273#3273: *156803 open() "/var/www/html/admin/.env" failed (2: No such file or directory), client: 80.94.95.211, server: localhost-nginx-proxy-manager, request: "GET /admin/.env HTTP/1.1", host: "178.104.157.191:80"
2026/07/09 02:36:44 [error] 3273#3273: *156803 open() "/var/www/html/.env.production" failed (2: No such file or directory), client: 80.94.95.211, server: localhost-nginx-proxy-manager, request: "GET /.env.production HTTP/1.1", host: "178.104.157.191:80"
2026/07/09 02:36:44 [error] 3273#3273: *156803 open() "/var/www/html/.env.save" failed (2: No such file or directory), client: 80.94.95.211, server: localhost-nginx-proxy-manager, request: "GET /.env.save HTTP/1.1", host: "178.104.157.191:80"
2026/07/09 02:36:44 [error] 3273#3273: *156803 open() "/var/www/html/backend/.env" failed (2: No such file or directory), client: 80.94.95.211, server: localhost-nginx-proxy-manager, request: "GET /backend/.env HTTP/1.1", host: "178.104.157.191:80"
2026/07/09 02:36:44 [error] 3273#3273: *156803 open() "/var/www/html/core/.env" failed (2: No such file or directory), client: 80.94.95.211, server: localhost-nginx-proxy-manager, request: "GET /core/.env HTTP/1.1", host: "178.104.157.191:80"
2026/07/09 02:36:44 [error] 3273#3273: *156803 open() "/var/www/html/laravel/.env" failed (2: No such file or directory), client: 80.94.95.211, server: localhost-nginx-proxy-manager, request: "GET /laravel/.env HTTP/1.1", host: "178.104.157.191:80"
2026/07/09 02:36:44 [error] 3273#3273: *156803 open() "/var/www/html/.env.example" failed (2: No such file or directory), client: 80.94.95.211, server: localhost-nginx-proxy-manager, request: "GET /.env.example HTTP/1.1", host: "178.104.157.191:80"
2026/07/09 02:36:45 [error] 3273#3273: *156803 open() "/var/www/html/.env.prod" failed (2: No such file or directory), client: 80.94.95.211, server: localhost-nginx-proxy-manager, request: "GET /.env.prod HTTP/1.1", host: "178.104.157.191:80"
2026/07/09 02:36:45 [error] 3273#3273: *156803 open() "/var/www/html/.env.local" failed (2: No such file or directory), client: 80.94.95.211, server: localhost-nginx-proxy-manager, request: "GET /.env.local HTTP/1.1", host: "178.104.157.191:80"
2026/07/09 02:36:45 [error] 3273#3273: *156803 open() "/var/www/html/production/.env" failed (2: No such file or directory), client: 80.94.95.211, server: localhost-nginx-proxy-manager, request: "GET /production/.env HTTP/1.1", host: "178.104.157.191:80"
2026/07/09 02:36:45 [error] 3273#3273: *156803 open() "/var/www/html/.env~" failed (2: No such file or directory), client: 80.94.95.211, server: localhost-nginx-proxy-manager, request: "GET /.env~ HTTP/1.1", host: "178.104.157.191:80"
2026/07/09 02:36:45 [error] 3273#3273: *156803 open() "/var/www/html/server/.env" failed (2: No such file or directory), client: 80.94.95.211, server: localhost-nginx-proxy-manager, request: "GET /server/.env HTTP/1.1", host: "178.104.157.191:80"
2026/07/09 02:36:45 [error] 3273#3273: *156803 open() "/var/www/html/.env.staging" failed (2: No such file or directory), client: 80.94.95.211, server: localhost-nginx-proxy-manager, request: "GET /.env.staging HTTP/1.1", host: "178.104.157.191:80"
