2026/07/08 03:53:41 [error] 3256#3256: *150872 open() "/var/www/html/ws/ec/vendor/phpunit/phpunit/src/Util/PHP/eval-stdin.php" failed (2: No such file or directory), client: 163.7.1.156, server: localhost-nginx-proxy-manager, request: "GET /ws/ec/vendor/phpunit/phpunit/src/Util/PHP/eval-stdin.php HTTP/1.1", host: "178.104.157.191:80"
2026/07/08 03:53:42 [error] 3256#3256: *150872 open() "/var/www/html/V2/vendor/phpunit/phpunit/src/Util/PHP/eval-stdin.php" failed (2: No such file or directory), client: 163.7.1.156, server: localhost-nginx-proxy-manager, request: "GET /V2/vendor/phpunit/phpunit/src/Util/PHP/eval-stdin.php HTTP/1.1", host: "178.104.157.191:80"
2026/07/08 03:53:43 [error] 3256#3256: *150872 open() "/var/www/html/tests/vendor/phpunit/phpunit/src/Util/PHP/eval-stdin.php" failed (2: No such file or directory), client: 163.7.1.156, server: localhost-nginx-proxy-manager, request: "GET /tests/vendor/phpunit/phpunit/src/Util/PHP/eval-stdin.php HTTP/1.1", host: "178.104.157.191:80"
2026/07/08 03:53:43 [error] 3256#3256: *150872 open() "/var/www/html/test/vendor/phpunit/phpunit/src/Util/PHP/eval-stdin.php" failed (2: No such file or directory), client: 163.7.1.156, server: localhost-nginx-proxy-manager, request: "GET /test/vendor/phpunit/phpunit/src/Util/PHP/eval-stdin.php HTTP/1.1", host: "178.104.157.191:80"
2026/07/08 03:53:43 [error] 3256#3256: *150872 open() "/var/www/html/testing/vendor/phpunit/phpunit/src/Util/PHP/eval-stdin.php" failed (2: No such file or directory), client: 163.7.1.156, server: localhost-nginx-proxy-manager, request: "GET /testing/vendor/phpunit/phpunit/src/Util/PHP/eval-stdin.php HTTP/1.1", host: "178.104.157.191:80"
2026/07/08 03:53:44 [error] 3256#3256: *150872 open() "/var/www/html/api/vendor/phpunit/phpunit/src/Util/PHP/eval-stdin.php" failed (2: No such file or directory), client: 163.7.1.156, server: localhost-nginx-proxy-manager, request: "GET /api/vendor/phpunit/phpunit/src/Util/PHP/eval-stdin.php HTTP/1.1", host: "178.104.157.191:80"
2026/07/08 03:53:44 [error] 3256#3256: *150872 open() "/var/www/html/demo/vendor/phpunit/phpunit/src/Util/PHP/eval-stdin.php" failed (2: No such file or directory), client: 163.7.1.156, server: localhost-nginx-proxy-manager, request: "GET /demo/vendor/phpunit/phpunit/src/Util/PHP/eval-stdin.php HTTP/1.1", host: "178.104.157.191:80"
2026/07/08 03:53:45 [error] 3256#3256: *150872 open() "/var/www/html/cms/vendor/phpunit/phpunit/src/Util/PHP/eval-stdin.php" failed (2: No such file or directory), client: 163.7.1.156, server: localhost-nginx-proxy-manager, request: "GET /cms/vendor/phpunit/phpunit/src/Util/PHP/eval-stdin.php HTTP/1.1", host: "178.104.157.191:80"
2026/07/08 03:53:51 [error] 3256#3256: *150872 open() "/var/www/html/crm/vendor/phpunit/phpunit/src/Util/PHP/eval-stdin.php" failed (2: No such file or directory), client: 163.7.1.156, server: localhost-nginx-proxy-manager, request: "GET /crm/vendor/phpunit/phpunit/src/Util/PHP/eval-stdin.php HTTP/1.1", host: "178.104.157.191:80"
2026/07/08 03:53:51 [error] 3256#3256: *150872 open() "/var/www/html/admin/vendor/phpunit/phpunit/src/Util/PHP/eval-stdin.php" failed (2: No such file or directory), client: 163.7.1.156, server: localhost-nginx-proxy-manager, request: "GET /admin/vendor/phpunit/phpunit/src/Util/PHP/eval-stdin.php HTTP/1.1", host: "178.104.157.191:80"
2026/07/08 03:53:51 [error] 3256#3256: *150872 open() "/var/www/html/backup/vendor/phpunit/phpunit/src/Util/PHP/eval-stdin.php" failed (2: No such file or directory), client: 163.7.1.156, server: localhost-nginx-proxy-manager, request: "GET /backup/vendor/phpunit/phpunit/src/Util/PHP/eval-stdin.php HTTP/1.1", host: "178.104.157.191:80"
2026/07/08 03:54:04 [error] 3256#3256: *150872 open() "/var/www/html/blog/vendor/phpunit/phpunit/src/Util/PHP/eval-stdin.php" failed (2: No such file or directory), client: 163.7.1.156, server: localhost-nginx-proxy-manager, request: "GET /blog/vendor/phpunit/phpunit/src/Util/PHP/eval-stdin.php HTTP/1.1", host: "178.104.157.191:80"
2026/07/08 03:54:04 [error] 3256#3256: *150872 open() "/var/www/html/workspace/drupal/vendor/phpunit/phpunit/src/Util/PHP/eval-stdin.php" failed (2: No such file or directory), client: 163.7.1.156, server: localhost-nginx-proxy-manager, request: "GET /workspace/drupal/vendor/phpunit/phpunit/src/Util/PHP/eval-stdin.php HTTP/1.1", host: "178.104.157.191:80"
2026/07/08 03:54:04 [error] 3256#3256: *150872 open() "/var/www/html/panel/vendor/phpunit/phpunit/src/Util/PHP/eval-stdin.php" failed (2: No such file or directory), client: 163.7.1.156, server: localhost-nginx-proxy-manager, request: "GET /panel/vendor/phpunit/phpunit/src/Util/PHP/eval-stdin.php HTTP/1.1", host: "178.104.157.191:80"
2026/07/08 03:54:06 [error] 3256#3256: *150872 open() "/var/www/html/public/vendor/phpunit/phpunit/src/Util/PHP/eval-stdin.php" failed (2: No such file or directory), client: 163.7.1.156, server: localhost-nginx-proxy-manager, request: "GET /public/vendor/phpunit/phpunit/src/Util/PHP/eval-stdin.php HTTP/1.1", host: "178.104.157.191:80"
2026/07/08 03:54:06 [error] 3256#3256: *150872 open() "/var/www/html/apps/vendor/phpunit/phpunit/src/Util/PHP/eval-stdin.php" failed (2: No such file or directory), client: 163.7.1.156, server: localhost-nginx-proxy-manager, request: "GET /apps/vendor/phpunit/phpunit/src/Util/PHP/eval-stdin.php HTTP/1.1", host: "178.104.157.191:80"
2026/07/08 03:54:06 [error] 3256#3256: *150872 open() "/var/www/html/app/vendor/phpunit/phpunit/src/Util/PHP/eval-stdin.php" failed (2: No such file or directory), client: 163.7.1.156, server: localhost-nginx-proxy-manager, request: "GET /app/vendor/phpunit/phpunit/src/Util/PHP/eval-stdin.php HTTP/1.1", host: "178.104.157.191:80"
2026/07/08 03:54:07 [error] 3256#3256: *150872 open() "/var/www/html/index.php" failed (2: No such file or directory), client: 163.7.1.156, server: localhost-nginx-proxy-manager, request: "GET /index.php?s=/index/\think\app/invokefunction&function=call_user_func_array&vars[0]=md5&vars[1][]=Hello HTTP/1.1", host: "178.104.157.191:80"
2026/07/08 03:54:07 [error] 3256#3256: *150872 open() "/var/www/html/public/index.php" failed (2: No such file or directory), client: 163.7.1.156, server: localhost-nginx-proxy-manager, request: "GET /public/index.php?s=/index/\think\app/invokefunction&function=call_user_func_array&vars[0]=md5&vars[1][]=Hello HTTP/1.1", host: "178.104.157.191:80"
2026/07/08 03:54:08 [error] 3256#3256: *150872 open() "/var/www/html/containers/json" failed (2: No such file or directory), client: 163.7.1.156, server: localhost-nginx-proxy-manager, request: "GET /containers/json HTTP/1.1", host: "178.104.157.191:80"
2026/07/08 03:59:32 [error] 3256#3256: *150891 open() "/var/www/html/.env.production" failed (2: No such file or directory), client: 89.117.172.63, server: localhost-nginx-proxy-manager, request: "HEAD /.env.production HTTP/1.1", host: "178.104.157.191"
2026/07/08 03:59:32 [error] 3257#3257: *150890 open() "/var/www/html/.env.local" failed (2: No such file or directory), client: 89.117.172.63, server: localhost-nginx-proxy-manager, request: "HEAD /.env.local HTTP/1.1", host: "178.104.157.191"
2026/07/08 03:59:32 [error] 3257#3257: *150887 open() "/var/www/html/.env.staging" failed (2: No such file or directory), client: 89.117.172.63, server: localhost-nginx-proxy-manager, request: "HEAD /.env.staging HTTP/1.1", host: "178.104.157.191"
2026/07/08 03:59:32 [error] 3257#3257: *150888 open() "/var/www/html/.env" failed (2: No such file or directory), client: 89.117.172.63, server: localhost-nginx-proxy-manager, request: "HEAD /.env HTTP/1.1", host: "178.104.157.191"
2026/07/08 03:59:32 [error] 3257#3257: *150890 open() "/var/www/html/.env.local" failed (2: No such file or directory), client: 89.117.172.63, server: localhost-nginx-proxy-manager, request: "GET /.env.local HTTP/1.1", host: "178.104.157.191"
2026/07/08 03:59:32 [error] 3256#3256: *150891 open() "/var/www/html/.env.production" failed (2: No such file or directory), client: 89.117.172.63, server: localhost-nginx-proxy-manager, request: "GET /.env.production HTTP/1.1", host: "178.104.157.191"
2026/07/08 03:59:32 [error] 3257#3257: *150887 open() "/var/www/html/.env.staging" failed (2: No such file or directory), client: 89.117.172.63, server: localhost-nginx-proxy-manager, request: "GET /.env.staging HTTP/1.1", host: "178.104.157.191"
2026/07/08 03:59:32 [error] 3257#3257: *150888 open() "/var/www/html/.env" failed (2: No such file or directory), client: 89.117.172.63, server: localhost-nginx-proxy-manager, request: "GET /.env HTTP/1.1", host: "178.104.157.191"
2026/07/08 03:59:33 [error] 3256#3256: *150891 open() "/var/www/html/.env.backup" failed (2: No such file or directory), client: 89.117.172.63, server: localhost-nginx-proxy-manager, request: "HEAD /.env.backup HTTP/1.1", host: "178.104.157.191"
2026/07/08 03:59:33 [error] 3257#3257: *150890 open() "/var/www/html/.env.example" failed (2: No such file or directory), client: 89.117.172.63, server: localhost-nginx-proxy-manager, request: "HEAD /.env.example HTTP/1.1", host: "178.104.157.191"
2026/07/08 03:59:33 [error] 3257#3257: *150888 open() "/var/www/html/.env.development" failed (2: No such file or directory), client: 89.117.172.63, server: localhost-nginx-proxy-manager, request: "HEAD /.env.development HTTP/1.1", host: "178.104.157.191"
2026/07/08 03:59:33 [error] 3257#3257: *150887 open() "/var/www/html/.env.old" failed (2: No such file or directory), client: 89.117.172.63, server: localhost-nginx-proxy-manager, request: "HEAD /.env.old HTTP/1.1", host: "178.104.157.191"
2026/07/08 03:59:33 [error] 3256#3256: *150891 open() "/var/www/html/.env.backup" failed (2: No such file or directory), client: 89.117.172.63, server: localhost-nginx-proxy-manager, request: "GET /.env.backup HTTP/1.1", host: "178.104.157.191"
2026/07/08 03:59:33 [error] 3257#3257: *150890 open() "/var/www/html/.env.example" failed (2: No such file or directory), client: 89.117.172.63, server: localhost-nginx-proxy-manager, request: "GET /.env.example HTTP/1.1", host: "178.104.157.191"
2026/07/08 03:59:33 [error] 3257#3257: *150888 open() "/var/www/html/.env.development" failed (2: No such file or directory), client: 89.117.172.63, server: localhost-nginx-proxy-manager, request: "GET /.env.development HTTP/1.1", host: "178.104.157.191"
2026/07/08 03:59:33 [error] 3257#3257: *150887 open() "/var/www/html/.env.old" failed (2: No such file or directory), client: 89.117.172.63, server: localhost-nginx-proxy-manager, request: "GET /.env.old HTTP/1.1", host: "178.104.157.191"
2026/07/08 03:59:33 [error] 3256#3256: *150891 open() "/var/www/html/app/.env" failed (2: No such file or directory), client: 89.117.172.63, server: localhost-nginx-proxy-manager, request: "HEAD /app/.env HTTP/1.1", host: "178.104.157.191"
2026/07/08 03:59:33 [error] 3257#3257: *150887 open() "/var/www/html/api/.env" failed (2: No such file or directory), client: 89.117.172.63, server: localhost-nginx-proxy-manager, request: "HEAD /api/.env HTTP/1.1", host: "178.104.157.191"
2026/07/08 03:59:33 [error] 3257#3257: *150888 open() "/var/www/html/admin/.env" failed (2: No such file or directory), client: 89.117.172.63, server: localhost-nginx-proxy-manager, request: "HEAD /admin/.env HTTP/1.1", host: "178.104.157.191"
2026/07/08 03:59:33 [error] 3257#3257: *150890 open() "/var/www/html/backend/.env" failed (2: No such file or directory), client: 89.117.172.63, server: localhost-nginx-proxy-manager, request: "HEAD /backend/.env HTTP/1.1", host: "178.104.157.191"
2026/07/08 03:59:33 [error] 3256#3256: *150891 open() "/var/www/html/app/.env" failed (2: No such file or directory), client: 89.117.172.63, server: localhost-nginx-proxy-manager, request: "GET /app/.env HTTP/1.1", host: "178.104.157.191"
2026/07/08 03:59:33 [error] 3257#3257: *150888 open() "/var/www/html/admin/.env" failed (2: No such file or directory), client: 89.117.172.63, server: localhost-nginx-proxy-manager, request: "GET /admin/.env HTTP/1.1", host: "178.104.157.191"
2026/07/08 03:59:33 [error] 3257#3257: *150887 open() "/var/www/html/api/.env" failed (2: No such file or directory), client: 89.117.172.63, server: localhost-nginx-proxy-manager, request: "GET /api/.env HTTP/1.1", host: "178.104.157.191"
2026/07/08 03:59:33 [error] 3257#3257: *150890 open() "/var/www/html/backend/.env" failed (2: No such file or directory), client: 89.117.172.63, server: localhost-nginx-proxy-manager, request: "GET /backend/.env HTTP/1.1", host: "178.104.157.191"
2026/07/08 03:59:33 [error] 3256#3256: *150891 open() "/var/www/html/core/.env" failed (2: No such file or directory), client: 89.117.172.63, server: localhost-nginx-proxy-manager, request: "HEAD /core/.env HTTP/1.1", host: "178.104.157.191"
2026/07/08 03:59:33 [error] 3257#3257: *150888 open() "/var/www/html/config/.env" failed (2: No such file or directory), client: 89.117.172.63, server: localhost-nginx-proxy-manager, request: "HEAD /config/.env HTTP/1.1", host: "178.104.157.191"
2026/07/08 03:59:33 [error] 3257#3257: *150887 open() "/var/www/html/src/.env" failed (2: No such file or directory), client: 89.117.172.63, server: localhost-nginx-proxy-manager, request: "HEAD /src/.env HTTP/1.1", host: "178.104.157.191"
2026/07/08 03:59:33 [error] 3257#3257: *150890 open() "/var/www/html/laravel/.env" failed (2: No such file or directory), client: 89.117.172.63, server: localhost-nginx-proxy-manager, request: "HEAD /laravel/.env HTTP/1.1", host: "178.104.157.191"
2026/07/08 03:59:33 [error] 3257#3257: *150887 open() "/var/www/html/src/.env" failed (2: No such file or directory), client: 89.117.172.63, server: localhost-nginx-proxy-manager, request: "GET /src/.env HTTP/1.1", host: "178.104.157.191"
2026/07/08 03:59:33 [error] 3256#3256: *150891 open() "/var/www/html/config/.env" failed (2: No such file or directory), client: 89.117.172.63, server: localhost-nginx-proxy-manager, request: "GET /config/.env HTTP/1.1", host: "178.104.157.191"
2026/07/08 03:59:33 [error] 3257#3257: *150888 open() "/var/www/html/core/.env" failed (2: No such file or directory), client: 89.117.172.63, server: localhost-nginx-proxy-manager, request: "GET /core/.env HTTP/1.1", host: "178.104.157.191"
2026/07/08 03:59:33 [error] 3257#3257: *150890 open() "/var/www/html/laravel/.env" failed (2: No such file or directory), client: 89.117.172.63, server: localhost-nginx-proxy-manager, request: "GET /laravel/.env HTTP/1.1", host: "178.104.157.191"
2026/07/08 03:59:33 [error] 3257#3257: *150887 open() "/var/www/html/var/www/html/.env" failed (2: No such file or directory), client: 89.117.172.63, server: localhost-nginx-proxy-manager, request: "HEAD /var/www/html/.env HTTP/1.1", host: "178.104.157.191"
2026/07/08 03:59:33 [error] 3256#3256: *150891 open() "/var/www/html/public/.env" failed (2: No such file or directory), client: 89.117.172.63, server: localhost-nginx-proxy-manager, request: "HEAD /public/.env HTTP/1.1", host: "178.104.157.191"
2026/07/08 03:59:33 [error] 3257#3257: *150888 open() "/var/www/html/wp-content/.env" failed (2: No such file or directory), client: 89.117.172.63, server: localhost-nginx-proxy-manager, request: "HEAD /wp-content/.env HTTP/1.1", host: "178.104.157.191"
2026/07/08 03:59:33 [error] 3257#3257: *150890 open() "/var/www/html/wp-admin/.env" failed (2: No such file or directory), client: 89.117.172.63, server: localhost-nginx-proxy-manager, request: "HEAD /wp-admin/.env HTTP/1.1", host: "178.104.157.191"
2026/07/08 03:59:34 [error] 3257#3257: *150890 open() "/var/www/html/wp-admin/.env" failed (2: No such file or directory), client: 89.117.172.63, server: localhost-nginx-proxy-manager, request: "GET /wp-admin/.env HTTP/1.1", host: "178.104.157.191"
2026/07/08 03:59:34 [error] 3257#3257: *150888 open() "/var/www/html/wp-content/.env" failed (2: No such file or directory), client: 89.117.172.63, server: localhost-nginx-proxy-manager, request: "GET /wp-content/.env HTTP/1.1", host: "178.104.157.191"
2026/07/08 03:59:35 [error] 3257#3257: *150890 open() "/var/www/html/magento/.env" failed (2: No such file or directory), client: 89.117.172.63, server: localhost-nginx-proxy-manager, request: "HEAD /magento/.env HTTP/1.1", host: "178.104.157.191"
2026/07/08 03:59:35 [error] 3257#3257: *150888 open() "/var/www/html/drupal/.env" failed (2: No such file or directory), client: 89.117.172.63, server: localhost-nginx-proxy-manager, request: "HEAD /drupal/.env HTTP/1.1", host: "178.104.157.191"
2026/07/08 03:59:35 [error] 3257#3257: *150888 open() "/var/www/html/drupal/.env" failed (2: No such file or directory), client: 89.117.172.63, server: localhost-nginx-proxy-manager, request: "GET /drupal/.env HTTP/1.1", host: "178.104.157.191"
2026/07/08 03:59:35 [error] 3257#3257: *150890 open() "/var/www/html/magento/.env" failed (2: No such file or directory), client: 89.117.172.63, server: localhost-nginx-proxy-manager, request: "GET /magento/.env HTTP/1.1", host: "178.104.157.191"
2026/07/08 03:59:35 [error] 3257#3257: *150887 open() "/var/www/html/var/www/html/.env" failed (2: No such file or directory), client: 89.117.172.63, server: localhost-nginx-proxy-manager, request: "GET /var/www/html/.env HTTP/1.1", host: "178.104.157.191"
2026/07/08 03:59:35 [error] 3256#3256: *150891 open() "/var/www/html/public/.env" failed (2: No such file or directory), client: 89.117.172.63, server: localhost-nginx-proxy-manager, request: "GET /public/.env HTTP/1.1", host: "178.104.157.191"
2026/07/08 03:59:35 [error] 3257#3257: *150888 open() "/var/www/html/joomla/.env" failed (2: No such file or directory), client: 89.117.172.63, server: localhost-nginx-proxy-manager, request: "HEAD /joomla/.env HTTP/1.1", host: "178.104.157.191"
2026/07/08 03:59:35 [error] 3257#3257: *150890 open() "/var/www/html/vendor/.env" failed (2: No such file or directory), client: 89.117.172.63, server: localhost-nginx-proxy-manager, request: "HEAD /vendor/.env HTTP/1.1", host: "178.104.157.191"
2026/07/08 03:59:35 [error] 3257#3257: *150887 open() "/var/www/html/storage/.env" failed (2: No such file or directory), client: 89.117.172.63, server: localhost-nginx-proxy-manager, request: "HEAD /storage/.env HTTP/1.1", host: "178.104.157.191"
2026/07/08 03:59:35 [error] 3256#3256: *150891 open() "/var/www/html/uploads/.env" failed (2: No such file or directory), client: 89.117.172.63, server: localhost-nginx-proxy-manager, request: "HEAD /uploads/.env HTTP/1.1", host: "178.104.157.191"
2026/07/08 03:59:35 [error] 3257#3257: *150888 open() "/var/www/html/joomla/.env" failed (2: No such file or directory), client: 89.117.172.63, server: localhost-nginx-proxy-manager, request: "GET /joomla/.env HTTP/1.1", host: "178.104.157.191"
2026/07/08 03:59:35 [error] 3256#3256: *150891 open() "/var/www/html/uploads/.env" failed (2: No such file or directory), client: 89.117.172.63, server: localhost-nginx-proxy-manager, request: "GET /uploads/.env HTTP/1.1", host: "178.104.157.191"
2026/07/08 03:59:35 [error] 3257#3257: *150887 open() "/var/www/html/storage/.env" failed (2: No such file or directory), client: 89.117.172.63, server: localhost-nginx-proxy-manager, request: "GET /storage/.env HTTP/1.1", host: "178.104.157.191"
2026/07/08 03:59:35 [error] 3257#3257: *150890 open() "/var/www/html/vendor/.env" failed (2: No such file or directory), client: 89.117.172.63, server: localhost-nginx-proxy-manager, request: "GET /vendor/.env HTTP/1.1", host: "178.104.157.191"
2026/07/08 03:59:35 [error] 3257#3257: *150888 open() "/var/www/html/assets/.env" failed (2: No such file or directory), client: 89.117.172.63, server: localhost-nginx-proxy-manager, request: "HEAD /assets/.env HTTP/1.1", host: "178.104.157.191"
2026/07/08 03:59:35 [error] 3256#3256: *150891 open() "/var/www/html/static/.env" failed (2: No such file or directory), client: 89.117.172.63, server: localhost-nginx-proxy-manager, request: "HEAD /static/.env HTTP/1.1", host: "178.104.157.191"
2026/07/08 03:59:36 [error] 3257#3257: *150887 open() "/var/www/html/resources/.env" failed (2: No such file or directory), client: 89.117.172.63, server: localhost-nginx-proxy-manager, request: "HEAD /resources/.env HTTP/1.1", host: "178.104.157.191"
2026/07/08 03:59:36 [error] 3257#3257: *150890 open() "/var/www/html/sites/default/.env" failed (2: No such file or directory), client: 89.117.172.63, server: localhost-nginx-proxy-manager, request: "HEAD /sites/default/.env HTTP/1.1", host: "178.104.157.191"
2026/07/08 03:59:36 [error] 3257#3257: *150888 open() "/var/www/html/assets/.env" failed (2: No such file or directory), client: 89.117.172.63, server: localhost-nginx-proxy-manager, request: "GET /assets/.env HTTP/1.1", host: "178.104.157.191"
2026/07/08 03:59:36 [error] 3256#3256: *150891 open() "/var/www/html/static/.env" failed (2: No such file or directory), client: 89.117.172.63, server: localhost-nginx-proxy-manager, request: "GET /static/.env HTTP/1.1", host: "178.104.157.191"
2026/07/08 03:59:36 [error] 3257#3257: *150887 open() "/var/www/html/resources/.env" failed (2: No such file or directory), client: 89.117.172.63, server: localhost-nginx-proxy-manager, request: "GET /resources/.env HTTP/1.1", host: "178.104.157.191"
2026/07/08 03:59:36 [error] 3257#3257: *150890 open() "/var/www/html/sites/default/.env" failed (2: No such file or directory), client: 89.117.172.63, server: localhost-nginx-proxy-manager, request: "GET /sites/default/.env HTTP/1.1", host: "178.104.157.191"
2026/07/08 04:10:48 [error] 3257#3257: *150985 open() "/var/www/html/photo/webapi/entry.cgi" failed (2: No such file or directory), client: 169.150.201.27, server: localhost-nginx-proxy-manager, request: "GET /photo/webapi/entry.cgi?api=SYNO.FotoTeam.Browse.Folder&version=1&method=list_parents HTTP/1.1", host: "178.104.157.191"
2026/07/08 04:53:25 [error] 3257#3257: *151050 open() "/var/www/html/SDK/webLanguage" failed (2: No such file or directory), client: 87.237.54.191, server: localhost-nginx-proxy-manager, request: "GET /SDK/webLanguage HTTP/1.1", host: "178.104.157.191:80"
2026/07/08 06:00:52 [alert] 3256#3256: 512 worker_connections are not enough
2026/07/08 06:00:52 [error] 3257#3257: *152046 recv() failed (104: Connection reset by peer) while reading response header from upstream, client: 127.0.0.1, server: localhost-nginx-proxy-manager, request: "GET /favicon.ico HTTP/1.1", upstream: "http://127.0.0.1:80/favicon.ico", host: "178.104.157.191"
2026/07/08 06:01:02 [error] 3256#3256: *152050 open() "/var/www/html/sse" failed (2: No such file or directory), client: 69.5.169.189, server: localhost-nginx-proxy-manager, request: "GET /sse HTTP/1.1", host: "178.104.157.191"
2026/07/08 06:01:56 [error] 3257#3257: *152051 open() "/var/www/html/phpmyadmin/index.php" failed (2: No such file or directory), client: 47.98.132.122, server: localhost-nginx-proxy-manager, request: "GET /phpmyadmin/index.php HTTP/1.1", host: "178.104.157.191"
2026/07/08 06:01:56 [error] 3257#3257: *152051 open() "/var/www/html/pmd/index.php" failed (2: No such file or directory), client: 47.98.132.122, server: localhost-nginx-proxy-manager, request: "GET /pmd/index.php HTTP/1.1", host: "178.104.157.191"
2026/07/08 06:01:57 [error] 3257#3257: *152051 open() "/var/www/html/phpmyadmin4.8.5/index.php" failed (2: No such file or directory), client: 47.98.132.122, server: localhost-nginx-proxy-manager, request: "GET /phpmyadmin4.8.5/index.php HTTP/1.1", host: "178.104.157.191"
2026/07/08 06:02:17 [error] 3256#3256: *152055 open() "/var/www/html/.git/config" failed (2: No such file or directory), client: 104.192.3.106, server: localhost-nginx-proxy-manager, request: "GET /.git/config HTTP/1.1", host: "178.104.157.191"
2026/07/08 06:02:19 [error] 3256#3256: *152056 open() "/var/www/html/manage/account/login" failed (2: No such file or directory), client: 62.210.142.160, server: localhost-nginx-proxy-manager, request: "GET /manage/account/login HTTP/1.1", host: "178.104.157.191"
2026/07/08 06:02:19 [error] 3256#3256: *152056 open() "/var/www/html/admin/index.html" failed (2: No such file or directory), client: 62.210.142.160, server: localhost-nginx-proxy-manager, request: "GET /admin/index.html HTTP/1.1", host: "178.104.157.191"
2026/07/08 06:02:19 [error] 3256#3256: *152056 open() "/var/www/html/+CSCOE+/logon.html" failed (2: No such file or directory), client: 62.210.142.160, server: localhost-nginx-proxy-manager, request: "GET /+CSCOE+/logon.html HTTP/1.1", host: "178.104.157.191"
2026/07/08 06:02:19 [error] 3256#3256: *152056 open() "/var/www/html/cgi-bin/login.cgi" failed (2: No such file or directory), client: 62.210.142.160, server: localhost-nginx-proxy-manager, request: "GET /cgi-bin/login.cgi HTTP/1.1", host: "178.104.157.191"
2026/07/08 06:02:19 [error] 3256#3256: *152056 open() "/var/www/html/login.htm" failed (2: No such file or directory), client: 62.210.142.160, server: localhost-nginx-proxy-manager, request: "GET /login.htm HTTP/1.1", host: "178.104.157.191"
2026/07/08 06:02:19 [error] 3256#3256: *152056 open() "/var/www/html/login.html" failed (2: No such file or directory), client: 62.210.142.160, server: localhost-nginx-proxy-manager, request: "GET /login.html HTTP/1.1", host: "178.104.157.191"
2026/07/08 06:02:19 [error] 3256#3256: *152056 open() "/var/www/html/login.jsp" failed (2: No such file or directory), client: 62.210.142.160, server: localhost-nginx-proxy-manager, request: "GET /login.jsp HTTP/1.1", host: "178.104.157.191"
2026/07/08 06:02:19 [error] 3256#3256: *152056 open() "/var/www/html/login" failed (2: No such file or directory), client: 62.210.142.160, server: localhost-nginx-proxy-manager, request: "GET /login HTTP/1.1", host: "178.104.157.191"
2026/07/08 06:02:19 [error] 3256#3256: *152056 open() "/var/www/html/doc/index.html" failed (2: No such file or directory), client: 62.210.142.160, server: localhost-nginx-proxy-manager, request: "GET /doc/index.html HTTP/1.1", host: "178.104.157.191"
2026/07/08 06:02:19 [error] 3256#3256: *152056 open() "/var/www/html/remote/login" failed (2: No such file or directory), client: 62.210.142.160, server: localhost-nginx-proxy-manager, request: "GET /remote/login HTTP/1.1", host: "178.104.157.191"
2026/07/08 06:02:19 [error] 3256#3256: *152056 open() "/var/www/html/admin/login.asp" failed (2: No such file or directory), client: 62.210.142.160, server: localhost-nginx-proxy-manager, request: "GET /admin/login.asp HTTP/1.1", host: "178.104.157.191"
2026/07/08 06:02:19 [error] 3256#3256: *152056 "/var/www/html/web/index.html" is not found (2: No such file or directory), client: 62.210.142.160, server: localhost-nginx-proxy-manager, request: "GET /web/ HTTP/1.1", host: "178.104.157.191"
2026/07/08 06:02:19 [error] 3256#3256: *152056 open() "/var/www/html/webpages/login.html" failed (2: No such file or directory), client: 62.210.142.160, server: localhost-nginx-proxy-manager, request: "GET /webpages/login.html HTTP/1.1", host: "178.104.157.191"
2026/07/08 07:23:43 [error] 3256#3256: *152081 open() "/var/www/html/cgi-bin/ViewLog.asp" failed (2: No such file or directory), client: 91.92.181.101, server: localhost-nginx-proxy-manager, request: "POST /cgi-bin/ViewLog.asp HTTP/1.1", host: "127.0.0.1"
2026/07/08 07:28:24 [error] 3256#3256: *152082 open() "/var/www/html/actuator/health" failed (2: No such file or directory), client: 20.127.195.188, server: localhost-nginx-proxy-manager, request: "GET /actuator/health HTTP/1.1", host: "178.104.157.191"
2026/07/08 07:34:08 [error] 3256#3256: *152086 open() "/var/www/html/SDK/webLanguage" failed (2: No such file or directory), client: 5.61.209.43, server: localhost-nginx-proxy-manager, request: "GET /SDK/webLanguage HTTP/1.1", host: "178.104.157.191:80"
2026/07/08 07:47:48 [error] 3256#3256: *152096 open() "/var/www/html/cgi-bin/ViewLog.asp" failed (2: No such file or directory), client: 222.212.83.51, server: localhost-nginx-proxy-manager, request: "POST /cgi-bin/ViewLog.asp HTTP/1.1", host: "127.0.0.1"
2026/07/08 07:50:38 [alert] 3256#3256: 512 worker_connections are not enough
2026/07/08 07:50:38 [error] 3257#3257: *153092 recv() failed (104: Connection reset by peer) while reading response header from upstream, client: 127.0.0.1, server: localhost-nginx-proxy-manager, request: "GET /favicon.ico HTTP/1.1", upstream: "http://127.0.0.1:80/favicon.ico", host: "178.104.157.191"
2026/07/08 07:51:22 [error] 3256#3256: *153095 open() "/var/www/html/robots.txt" failed (2: No such file or directory), client: 66.132.195.38, server: localhost-nginx-proxy-manager, request: "GET /robots.txt HTTP/1.1", host: "178.104.157.191"
2026/07/08 07:52:09 [error] 3257#3257: *153101 open() "/var/www/html/sitemap.xml" failed (2: No such file or directory), client: 66.132.172.32, server: localhost-nginx-proxy-manager, request: "GET /sitemap.xml HTTP/1.1", host: "178.104.157.191"
2026/07/08 08:12:00 [error] 3257#3257: *153107 open() "/var/www/html/login" failed (2: No such file or directory), client: 45.198.224.5, server: localhost-nginx-proxy-manager, request: "GET /login HTTP/1.1", host: "178.104.157.191:80"
2026/07/08 08:36:19 [error] 3257#3257: *153111 open() "/var/www/html/hudson" failed (2: No such file or directory), client: 20.64.104.31, server: localhost-nginx-proxy-manager, request: "GET /hudson HTTP/1.1", host: "178.104.157.191"
2026/07/08 08:52:44 [error] 3257#3257: *153115 open() "/var/www/html/.env" failed (2: No such file or directory), client: 77.83.39.197, server: localhost-nginx-proxy-manager, request: "GET /.env HTTP/1.1", host: "178.104.157.191"
2026/07/08 09:19:16 [error] 3262#3262: *153121 open() "/var/www/html/cgi-bin/ViewLog.asp" failed (2: No such file or directory), client: 119.96.223.148, server: localhost-nginx-proxy-manager, request: "POST /cgi-bin/ViewLog.asp HTTP/1.1", host: "127.0.0.1"
2026/07/08 09:25:33 [error] 3262#3262: *153125 open() "/var/www/html/cgi-bin/ViewLog.asp" failed (2: No such file or directory), client: 170.155.2.13, server: localhost-nginx-proxy-manager, request: "POST /cgi-bin/ViewLog.asp HTTP/1.1", host: "127.0.0.1"
2026/07/08 09:53:15 [error] 3262#3262: *153134 open() "/var/www/html/hello.world" failed (2: No such file or directory), client: 62.133.60.31, server: localhost-nginx-proxy-manager, request: "POST /hello.world?%ADd+allow_url_include%3d1+%ADd+auto_prepend_file%3dphp://input HTTP/1.1", host: "178.104.157.191:80"
2026/07/08 09:53:15 [error] 3262#3262: *153134 open() "/var/www/html/vendor/phpunit/phpunit/src/Util/PHP/eval-stdin.php" failed (2: No such file or directory), client: 62.133.60.31, server: localhost-nginx-proxy-manager, request: "GET /vendor/phpunit/phpunit/src/Util/PHP/eval-stdin.php HTTP/1.1", host: "178.104.157.191:80"
2026/07/08 09:53:15 [error] 3262#3262: *153134 open() "/var/www/html/vendor/phpunit/phpunit/Util/PHP/eval-stdin.php" failed (2: No such file or directory), client: 62.133.60.31, server: localhost-nginx-proxy-manager, request: "GET /vendor/phpunit/phpunit/Util/PHP/eval-stdin.php HTTP/1.1", host: "178.104.157.191:80"
2026/07/08 09:53:15 [error] 3262#3262: *153134 open() "/var/www/html/vendor/phpunit/src/Util/PHP/eval-stdin.php" failed (2: No such file or directory), client: 62.133.60.31, server: localhost-nginx-proxy-manager, request: "GET /vendor/phpunit/src/Util/PHP/eval-stdin.php HTTP/1.1", host: "178.104.157.191:80"
2026/07/08 09:53:15 [error] 3262#3262: *153134 open() "/var/www/html/vendor/phpunit/Util/PHP/eval-stdin.php" failed (2: No such file or directory), client: 62.133.60.31, server: localhost-nginx-proxy-manager, request: "GET /vendor/phpunit/Util/PHP/eval-stdin.php HTTP/1.1", host: "178.104.157.191:80"
2026/07/08 09:53:15 [error] 3262#3262: *153134 open() "/var/www/html/vendor/phpunit/phpunit/LICENSE/eval-stdin.php" failed (2: No such file or directory), client: 62.133.60.31, server: localhost-nginx-proxy-manager, request: "GET /vendor/phpunit/phpunit/LICENSE/eval-stdin.php HTTP/1.1", host: "178.104.157.191:80"
2026/07/08 09:53:15 [error] 3262#3262: *153134 open() "/var/www/html/vendor/vendor/phpunit/phpunit/src/Util/PHP/eval-stdin.php" failed (2: No such file or directory), client: 62.133.60.31, server: localhost-nginx-proxy-manager, request: "GET /vendor/vendor/phpunit/phpunit/src/Util/PHP/eval-stdin.php HTTP/1.1", host: "178.104.157.191:80"
2026/07/08 09:53:15 [error] 3262#3262: *153134 open() "/var/www/html/phpunit/phpunit/src/Util/PHP/eval-stdin.php" failed (2: No such file or directory), client: 62.133.60.31, server: localhost-nginx-proxy-manager, request: "GET /phpunit/phpunit/src/Util/PHP/eval-stdin.php HTTP/1.1", host: "178.104.157.191:80"
2026/07/08 09:53:15 [error] 3262#3262: *153134 open() "/var/www/html/phpunit/phpunit/Util/PHP/eval-stdin.php" failed (2: No such file or directory), client: 62.133.60.31, server: localhost-nginx-proxy-manager, request: "GET /phpunit/phpunit/Util/PHP/eval-stdin.php HTTP/1.1", host: "178.104.157.191:80"
2026/07/08 09:53:15 [error] 3262#3262: *153134 open() "/var/www/html/phpunit/src/Util/PHP/eval-stdin.php" failed (2: No such file or directory), client: 62.133.60.31, server: localhost-nginx-proxy-manager, request: "GET /phpunit/src/Util/PHP/eval-stdin.php HTTP/1.1", host: "178.104.157.191:80"
2026/07/08 09:53:15 [error] 3262#3262: *153134 open() "/var/www/html/phpunit/Util/PHP/eval-stdin.php" failed (2: No such file or directory), client: 62.133.60.31, server: localhost-nginx-proxy-manager, request: "GET /phpunit/Util/PHP/eval-stdin.php HTTP/1.1", host: "178.104.157.191:80"
2026/07/08 09:53:15 [error] 3262#3262: *153134 open() "/var/www/html/lib/phpunit/phpunit/src/Util/PHP/eval-stdin.php" failed (2: No such file or directory), client: 62.133.60.31, server: localhost-nginx-proxy-manager, request: "GET /lib/phpunit/phpunit/src/Util/PHP/eval-stdin.php HTTP/1.1", host: "178.104.157.191:80"
2026/07/08 09:53:15 [error] 3262#3262: *153134 open() "/var/www/html/lib/phpunit/phpunit/Util/PHP/eval-stdin.php" failed (2: No such file or directory), client: 62.133.60.31, server: localhost-nginx-proxy-manager, request: "GET /lib/phpunit/phpunit/Util/PHP/eval-stdin.php HTTP/1.1", host: "178.104.157.191:80"
2026/07/08 09:53:15 [error] 3262#3262: *153134 open() "/var/www/html/lib/phpunit/src/Util/PHP/eval-stdin.php" failed (2: No such file or directory), client: 62.133.60.31, server: localhost-nginx-proxy-manager, request: "GET /lib/phpunit/src/Util/PHP/eval-stdin.php HTTP/1.1", host: "178.104.157.191:80"
2026/07/08 09:53:15 [error] 3262#3262: *153134 open() "/var/www/html/lib/phpunit/Util/PHP/eval-stdin.php" failed (2: No such file or directory), client: 62.133.60.31, server: localhost-nginx-proxy-manager, request: "GET /lib/phpunit/Util/PHP/eval-stdin.php HTTP/1.1", host: "178.104.157.191:80"
2026/07/08 09:53:15 [error] 3262#3262: *153134 open() "/var/www/html/lib/vendor/phpunit/phpunit/src/Util/PHP/eval-stdin.php" failed (2: No such file or directory), client: 62.133.60.31, server: localhost-nginx-proxy-manager, request: "GET /lib/vendor/phpunit/phpunit/src/Util/PHP/eval-stdin.php HTTP/1.1", host: "178.104.157.191:80"
2026/07/08 09:53:15 [error] 3262#3262: *153134 open() "/var/www/html/laravel/vendor/phpunit/phpunit/src/Util/PHP/eval-stdin.php" failed (2: No such file or directory), client: 62.133.60.31, server: localhost-nginx-proxy-manager, request: "GET /laravel/vendor/phpunit/phpunit/src/Util/PHP/eval-stdin.php HTTP/1.1", host: "178.104.157.191:80"
2026/07/08 09:53:15 [error] 3262#3262: *153134 open() "/var/www/html/www/vendor/phpunit/phpunit/src/Util/PHP/eval-stdin.php" failed (2: No such file or directory), client: 62.133.60.31, server: localhost-nginx-proxy-manager, request: "GET /www/vendor/phpunit/phpunit/src/Util/PHP/eval-stdin.php HTTP/1.1", host: "178.104.157.191:80"
2026/07/08 09:53:15 [error] 3262#3262: *153134 open() "/var/www/html/ws/vendor/phpunit/phpunit/src/Util/PHP/eval-stdin.php" failed (2: No such file or directory), client: 62.133.60.31, server: localhost-nginx-proxy-manager, request: "GET /ws/vendor/phpunit/phpunit/src/Util/PHP/eval-stdin.php HTTP/1.1", host: "178.104.157.191:80"
2026/07/08 09:53:15 [error] 3262#3262: *153134 open() "/var/www/html/yii/vendor/phpunit/phpunit/src/Util/PHP/eval-stdin.php" failed (2: No such file or directory), client: 62.133.60.31, server: localhost-nginx-proxy-manager, request: "GET /yii/vendor/phpunit/phpunit/src/Util/PHP/eval-stdin.php HTTP/1.1", host: "178.104.157.191:80"
2026/07/08 09:53:15 [error] 3262#3262: *153134 open() "/var/www/html/zend/vendor/phpunit/phpunit/src/Util/PHP/eval-stdin.php" failed (2: No such file or directory), client: 62.133.60.31, server: localhost-nginx-proxy-manager, request: "GET /zend/vendor/phpunit/phpunit/src/Util/PHP/eval-stdin.php HTTP/1.1", host: "178.104.157.191:80"
2026/07/08 09:53:15 [error] 3262#3262: *153134 open() "/var/www/html/ws/ec/vendor/phpunit/phpunit/src/Util/PHP/eval-stdin.php" failed (2: No such file or directory), client: 62.133.60.31, server: localhost-nginx-proxy-manager, request: "GET /ws/ec/vendor/phpunit/phpunit/src/Util/PHP/eval-stdin.php HTTP/1.1", host: "178.104.157.191:80"
2026/07/08 09:53:15 [error] 3262#3262: *153134 open() "/var/www/html/V2/vendor/phpunit/phpunit/src/Util/PHP/eval-stdin.php" failed (2: No such file or directory), client: 62.133.60.31, server: localhost-nginx-proxy-manager, request: "GET /V2/vendor/phpunit/phpunit/src/Util/PHP/eval-stdin.php HTTP/1.1", host: "178.104.157.191:80"
2026/07/08 09:53:15 [error] 3262#3262: *153134 open() "/var/www/html/tests/vendor/phpunit/phpunit/src/Util/PHP/eval-stdin.php" failed (2: No such file or directory), client: 62.133.60.31, server: localhost-nginx-proxy-manager, request: "GET /tests/vendor/phpunit/phpunit/src/Util/PHP/eval-stdin.php HTTP/1.1", host: "178.104.157.191:80"
2026/07/08 09:53:15 [error] 3262#3262: *153134 open() "/var/www/html/test/vendor/phpunit/phpunit/src/Util/PHP/eval-stdin.php" failed (2: No such file or directory), client: 62.133.60.31, server: localhost-nginx-proxy-manager, request: "GET /test/vendor/phpunit/phpunit/src/Util/PHP/eval-stdin.php HTTP/1.1", host: "178.104.157.191:80"
2026/07/08 09:53:15 [error] 3262#3262: *153134 open() "/var/www/html/testing/vendor/phpunit/phpunit/src/Util/PHP/eval-stdin.php" failed (2: No such file or directory), client: 62.133.60.31, server: localhost-nginx-proxy-manager, request: "GET /testing/vendor/phpunit/phpunit/src/Util/PHP/eval-stdin.php HTTP/1.1", host: "178.104.157.191:80"
2026/07/08 09:53:15 [error] 3262#3262: *153134 open() "/var/www/html/api/vendor/phpunit/phpunit/src/Util/PHP/eval-stdin.php" failed (2: No such file or directory), client: 62.133.60.31, server: localhost-nginx-proxy-manager, request: "GET /api/vendor/phpunit/phpunit/src/Util/PHP/eval-stdin.php HTTP/1.1", host: "178.104.157.191:80"
2026/07/08 09:53:15 [error] 3262#3262: *153134 open() "/var/www/html/demo/vendor/phpunit/phpunit/src/Util/PHP/eval-stdin.php" failed (2: No such file or directory), client: 62.133.60.31, server: localhost-nginx-proxy-manager, request: "GET /demo/vendor/phpunit/phpunit/src/Util/PHP/eval-stdin.php HTTP/1.1", host: "178.104.157.191:80"
2026/07/08 09:53:15 [error] 3262#3262: *153134 open() "/var/www/html/cms/vendor/phpunit/phpunit/src/Util/PHP/eval-stdin.php" failed (2: No such file or directory), client: 62.133.60.31, server: localhost-nginx-proxy-manager, request: "GET /cms/vendor/phpunit/phpunit/src/Util/PHP/eval-stdin.php HTTP/1.1", host: "178.104.157.191:80"
2026/07/08 09:53:15 [error] 3262#3262: *153134 open() "/var/www/html/crm/vendor/phpunit/phpunit/src/Util/PHP/eval-stdin.php" failed (2: No such file or directory), client: 62.133.60.31, server: localhost-nginx-proxy-manager, request: "GET /crm/vendor/phpunit/phpunit/src/Util/PHP/eval-stdin.php HTTP/1.1", host: "178.104.157.191:80"
2026/07/08 09:53:15 [error] 3262#3262: *153134 open() "/var/www/html/admin/vendor/phpunit/phpunit/src/Util/PHP/eval-stdin.php" failed (2: No such file or directory), client: 62.133.60.31, server: localhost-nginx-proxy-manager, request: "GET /admin/vendor/phpunit/phpunit/src/Util/PHP/eval-stdin.php HTTP/1.1", host: "178.104.157.191:80"
2026/07/08 09:53:15 [error] 3262#3262: *153134 open() "/var/www/html/backup/vendor/phpunit/phpunit/src/Util/PHP/eval-stdin.php" failed (2: No such file or directory), client: 62.133.60.31, server: localhost-nginx-proxy-manager, request: "GET /backup/vendor/phpunit/phpunit/src/Util/PHP/eval-stdin.php HTTP/1.1", host: "178.104.157.191:80"
2026/07/08 09:53:15 [error] 3262#3262: *153134 open() "/var/www/html/blog/vendor/phpunit/phpunit/src/Util/PHP/eval-stdin.php" failed (2: No such file or directory), client: 62.133.60.31, server: localhost-nginx-proxy-manager, request: "GET /blog/vendor/phpunit/phpunit/src/Util/PHP/eval-stdin.php HTTP/1.1", host: "178.104.157.191:80"
2026/07/08 09:53:15 [error] 3262#3262: *153134 open() "/var/www/html/workspace/drupal/vendor/phpunit/phpunit/src/Util/PHP/eval-stdin.php" failed (2: No such file or directory), client: 62.133.60.31, server: localhost-nginx-proxy-manager, request: "GET /workspace/drupal/vendor/phpunit/phpunit/src/Util/PHP/eval-stdin.php HTTP/1.1", host: "178.104.157.191:80"
2026/07/08 09:53:15 [error] 3262#3262: *153134 open() "/var/www/html/panel/vendor/phpunit/phpunit/src/Util/PHP/eval-stdin.php" failed (2: No such file or directory), client: 62.133.60.31, server: localhost-nginx-proxy-manager, request: "GET /panel/vendor/phpunit/phpunit/src/Util/PHP/eval-stdin.php HTTP/1.1", host: "178.104.157.191:80"
2026/07/08 09:53:15 [error] 3262#3262: *153134 open() "/var/www/html/public/vendor/phpunit/phpunit/src/Util/PHP/eval-stdin.php" failed (2: No such file or directory), client: 62.133.60.31, server: localhost-nginx-proxy-manager, request: "GET /public/vendor/phpunit/phpunit/src/Util/PHP/eval-stdin.php HTTP/1.1", host: "178.104.157.191:80"
2026/07/08 09:53:15 [error] 3262#3262: *153134 open() "/var/www/html/apps/vendor/phpunit/phpunit/src/Util/PHP/eval-stdin.php" failed (2: No such file or directory), client: 62.133.60.31, server: localhost-nginx-proxy-manager, request: "GET /apps/vendor/phpunit/phpunit/src/Util/PHP/eval-stdin.php HTTP/1.1", host: "178.104.157.191:80"
2026/07/08 09:53:15 [error] 3262#3262: *153134 open() "/var/www/html/app/vendor/phpunit/phpunit/src/Util/PHP/eval-stdin.php" failed (2: No such file or directory), client: 62.133.60.31, server: localhost-nginx-proxy-manager, request: "GET /app/vendor/phpunit/phpunit/src/Util/PHP/eval-stdin.php HTTP/1.1", host: "178.104.157.191:80"
2026/07/08 09:53:15 [error] 3262#3262: *153134 open() "/var/www/html/index.php" failed (2: No such file or directory), client: 62.133.60.31, server: localhost-nginx-proxy-manager, request: "GET /index.php?s=/index/\think\app/invokefunction&function=call_user_func_array&vars[0]=md5&vars[1][]=Hello HTTP/1.1", host: "178.104.157.191:80"
2026/07/08 09:53:15 [error] 3262#3262: *153134 open() "/var/www/html/public/index.php" failed (2: No such file or directory), client: 62.133.60.31, server: localhost-nginx-proxy-manager, request: "GET /public/index.php?s=/index/\think\app/invokefunction&function=call_user_func_array&vars[0]=md5&vars[1][]=Hello HTTP/1.1", host: "178.104.157.191:80"
2026/07/08 09:53:15 [error] 3262#3262: *153134 open() "/var/www/html/containers/json" failed (2: No such file or directory), client: 62.133.60.31, server: localhost-nginx-proxy-manager, request: "GET /containers/json HTTP/1.1", host: "178.104.157.191:80"
2026/07/08 10:57:06 [error] 3262#3262: *153194 open() "/var/www/html/cgi-bin/ViewLog.asp" failed (2: No such file or directory), client: 91.92.181.101, server: localhost-nginx-proxy-manager, request: "POST /cgi-bin/ViewLog.asp HTTP/1.1", host: "127.0.0.1"
2026/07/08 11:05:07 [error] 3261#3261: *153197 open() "/var/www/html/SDK/webLanguage" failed (2: No such file or directory), client: 104.194.10.143, server: localhost-nginx-proxy-manager, request: "GET /SDK/webLanguage HTTP/1.1", host: "178.104.157.191:80"
2026/07/08 11:37:22 [error] 3261#3261: *153211 open() "/var/www/html/.env.local" failed (2: No such file or directory), client: 89.117.172.63, server: localhost-nginx-proxy-manager, request: "HEAD /.env.local HTTP/1.1", host: "178.104.157.191"
2026/07/08 11:37:22 [error] 3262#3262: *153215 open() "/var/www/html/.env" failed (2: No such file or directory), client: 89.117.172.63, server: localhost-nginx-proxy-manager, request: "HEAD /.env HTTP/1.1", host: "178.104.157.191"
2026/07/08 11:37:22 [error] 3261#3261: *153217 open() "/var/www/html/.env.production" failed (2: No such file or directory), client: 89.117.172.63, server: localhost-nginx-proxy-manager, request: "HEAD /.env.production HTTP/1.1", host: "178.104.157.191"
2026/07/08 11:37:22 [error] 3262#3262: *153216 open() "/var/www/html/.env.staging" failed (2: No such file or directory), client: 89.117.172.63, server: localhost-nginx-proxy-manager, request: "HEAD /.env.staging HTTP/1.1", host: "178.104.157.191"
2026/07/08 11:37:22 [error] 3261#3261: *153211 open() "/var/www/html/.env.local" failed (2: No such file or directory), client: 89.117.172.63, server: localhost-nginx-proxy-manager, request: "GET /.env.local HTTP/1.1", host: "178.104.157.191"
2026/07/08 11:37:22 [error] 3262#3262: *153215 open() "/var/www/html/.env" failed (2: No such file or directory), client: 89.117.172.63, server: localhost-nginx-proxy-manager, request: "GET /.env HTTP/1.1", host: "178.104.157.191"
2026/07/08 11:37:22 [error] 3261#3261: *153217 open() "/var/www/html/.env.production" failed (2: No such file or directory), client: 89.117.172.63, server: localhost-nginx-proxy-manager, request: "GET /.env.production HTTP/1.1", host: "178.104.157.191"
2026/07/08 11:37:22 [error] 3262#3262: *153216 open() "/var/www/html/.env.staging" failed (2: No such file or directory), client: 89.117.172.63, server: localhost-nginx-proxy-manager, request: "GET /.env.staging HTTP/1.1", host: "178.104.157.191"
2026/07/08 11:37:22 [error] 3261#3261: *153211 open() "/var/www/html/.env.backup" failed (2: No such file or directory), client: 89.117.172.63, server: localhost-nginx-proxy-manager, request: "HEAD /.env.backup HTTP/1.1", host: "178.104.157.191"
2026/07/08 11:37:22 [error] 3262#3262: *153215 open() "/var/www/html/.env.example" failed (2: No such file or directory), client: 89.117.172.63, server: localhost-nginx-proxy-manager, request: "HEAD /.env.example HTTP/1.1", host: "178.104.157.191"
2026/07/08 11:37:22 [error] 3262#3262: *153216 open() "/var/www/html/.env.old" failed (2: No such file or directory), client: 89.117.172.63, server: localhost-nginx-proxy-manager, request: "HEAD /.env.old HTTP/1.1", host: "178.104.157.191"
2026/07/08 11:37:22 [error] 3261#3261: *153217 open() "/var/www/html/.env.development" failed (2: No such file or directory), client: 89.117.172.63, server: localhost-nginx-proxy-manager, request: "HEAD /.env.development HTTP/1.1", host: "178.104.157.191"
2026/07/08 11:37:22 [error] 3261#3261: *153211 open() "/var/www/html/.env.backup" failed (2: No such file or directory), client: 89.117.172.63, server: localhost-nginx-proxy-manager, request: "GET /.env.backup HTTP/1.1", host: "178.104.157.191"
2026/07/08 11:37:22 [error] 3262#3262: *153215 open() "/var/www/html/.env.example" failed (2: No such file or directory), client: 89.117.172.63, server: localhost-nginx-proxy-manager, request: "GET /.env.example HTTP/1.1", host: "178.104.157.191"
2026/07/08 11:37:22 [error] 3262#3262: *153216 open() "/var/www/html/.env.old" failed (2: No such file or directory), client: 89.117.172.63, server: localhost-nginx-proxy-manager, request: "GET /.env.old HTTP/1.1", host: "178.104.157.191"
2026/07/08 11:37:22 [error] 3261#3261: *153217 open() "/var/www/html/.env.development" failed (2: No such file or directory), client: 89.117.172.63, server: localhost-nginx-proxy-manager, request: "GET /.env.development HTTP/1.1", host: "178.104.157.191"
2026/07/08 11:37:23 [error] 3261#3261: *153211 open() "/var/www/html/app/.env" failed (2: No such file or directory), client: 89.117.172.63, server: localhost-nginx-proxy-manager, request: "HEAD /app/.env HTTP/1.1", host: "178.104.157.191"
2026/07/08 11:37:23 [error] 3262#3262: *153215 open() "/var/www/html/api/.env" failed (2: No such file or directory), client: 89.117.172.63, server: localhost-nginx-proxy-manager, request: "HEAD /api/.env HTTP/1.1", host: "178.104.157.191"
2026/07/08 11:37:23 [error] 3262#3262: *153216 open() "/var/www/html/admin/.env" failed (2: No such file or directory), client: 89.117.172.63, server: localhost-nginx-proxy-manager, request: "HEAD /admin/.env HTTP/1.1", host: "178.104.157.191"
2026/07/08 11:37:23 [error] 3261#3261: *153217 open() "/var/www/html/backend/.env" failed (2: No such file or directory), client: 89.117.172.63, server: localhost-nginx-proxy-manager, request: "HEAD /backend/.env HTTP/1.1", host: "178.104.157.191"
2026/07/08 11:37:23 [error] 3261#3261: *153211 open() "/var/www/html/app/.env" failed (2: No such file or directory), client: 89.117.172.63, server: localhost-nginx-proxy-manager, request: "GET /app/.env HTTP/1.1", host: "178.104.157.191"
2026/07/08 11:37:23 [error] 3262#3262: *153215 open() "/var/www/html/api/.env" failed (2: No such file or directory), client: 89.117.172.63, server: localhost-nginx-proxy-manager, request: "GET /api/.env HTTP/1.1", host: "178.104.157.191"
2026/07/08 11:37:23 [error] 3261#3261: *153217 open() "/var/www/html/backend/.env" failed (2: No such file or directory), client: 89.117.172.63, server: localhost-nginx-proxy-manager, request: "GET /backend/.env HTTP/1.1", host: "178.104.157.191"
2026/07/08 11:37:23 [error] 3262#3262: *153216 open() "/var/www/html/admin/.env" failed (2: No such file or directory), client: 89.117.172.63, server: localhost-nginx-proxy-manager, request: "GET /admin/.env HTTP/1.1", host: "178.104.157.191"
2026/07/08 11:37:23 [error] 3261#3261: *153211 open() "/var/www/html/core/.env" failed (2: No such file or directory), client: 89.117.172.63, server: localhost-nginx-proxy-manager, request: "HEAD /core/.env HTTP/1.1", host: "178.104.157.191"
